ASxxxx Linker V03.00 + NoICE + sdld,  page 1.
Hexadecimal  [32-Bits]

Area                                    Addr        Size        Decimal Bytes (Attributes)
--------------------------------        ----        ----        ------- ----- ------------
CABS                                00000000    00000000 =           0. bytes (ABS,CON)

      Value  Global                              Global Defined In Module
      -----  --------------------------------   ------------------------
     00000000  l_BIT_BANK                      
     00000000  l_BSEG                          
     00000000  l_BSEG_BYTES                    
     00000000  l_CABS                          
     00000000  l_DABS                          
     00000000  l_DATA                          
     00000000  l_INITIALIZED                   
     00000000  l_INITIALIZER                   
     00000000  l_ISEG                          
     00000000  l_OSEG                          
     00000000  l_REG_BANK_0                    
     00000000  l_REG_BANK_1                    
     00000000  l_REG_BANK_2                    
     00000000  l_REG_BANK_3                    
     00000000  l__CODE                         
     00000000  s_BSEG                          
     00000000  s_CABS                          
     00000000  s_DABS                          
     00000000  s_DSEG                          
     00000000  s_REG_BANK_0                    
     00000000  s_SSEG                          
     00000001  s_DATA                          
     00000001  s_INITIALIZED                   
     00000003  l_GSFINAL                       
     00000008  s_REG_BANK_1                    
     00000010  s_REG_BANK_2                    
     00000018  s_BIT_BANK                      
     00000018  s_ISEG                          
     00000018  s_OSEG                          
     00000018  s_REG_BANK_3                    
     0000001A  l_GSINIT                        
     00000020  s_BSEG_BYTES                    
     00000020  s__CODE                         
     00000080  l_DSEG                          
     00000083  l_HOME                          
     00000100  l_IRAM                          
     00000100  l_SSEG                          
     0000119C  l_CODE                          
     00008000  s_HOME                          
     00008083  s_GSINIT                        
     0000809D  s_GSFINAL                       
     000080A0  s_CODE                          
     0000923C  s_INITIALIZER                   

ASxxxx Linker V03.00 + NoICE + sdld,  page 2.
Hexadecimal  [32-Bits]

Area                                    Addr        Size        Decimal Bytes (Attributes)
--------------------------------        ----        ----        ------- ----- ------------
.  .ABS.                            00000000    00000000 =           0. bytes (ABS,CON)

      Value  Global                              Global Defined In Module
      -----  --------------------------------   ------------------------
     00000000  .__.ABS.                           _mullong

ASxxxx Linker V03.00 + NoICE + sdld,  page 3.
Hexadecimal  [32-Bits]

Area                                    Addr        Size        Decimal Bytes (Attributes)
--------------------------------        ----        ----        ------- ----- ------------
DSEG                                00000000    00000080 =         128. bytes (REL,CON)

      Value  Global                              Global Defined In Module
      -----  --------------------------------   ------------------------
ASxxxx Linker V03.00 + NoICE + sdld,  page 4.
Hexadecimal  [32-Bits]

Area                                    Addr        Size        Decimal Bytes (Attributes)
--------------------------------        ----        ----        ------- ----- ------------
SSEG                                00000000    00000100 =         256. bytes (REL,OVR)

      Value  Global                              Global Defined In Module
      -----  --------------------------------   ------------------------
ASxxxx Linker V03.00 + NoICE + sdld,  page 5.
Hexadecimal  [32-Bits]

Area                                    Addr        Size        Decimal Bytes (Attributes)
--------------------------------        ----        ----        ------- ----- ------------
HOME                                00008000    00000083 =         131. bytes (REL,CON)

      Value  Global                              Global Defined In Module
      -----  --------------------------------   ------------------------
     00008000  A$main$47                          main
     00008004  A$main$48                          main
     00008008  A$main$49                          main
     0000800C  A$main$50                          main
     00008010  A$main$51                          main
     00008014  A$main$52                          main
     00008018  A$main$53                          main
     0000801C  A$main$54                          main
     00008020  A$main$55                          main
     00008024  A$main$56                          main
     00008028  A$main$57                          main
     0000802C  A$main$58                          main
     00008030  A$main$59                          main
     00008034  A$main$60                          main
     00008038  A$main$61                          main
     0000803C  A$main$62                          main
     00008040  A$main$63                          main
     00008044  A$main$64                          main
     00008048  A$main$65                          main
     0000804C  A$main$66                          main
     00008050  A$main$67                          main
     00008054  A$main$68                          main
     00008058  A$main$69                          main
     0000805C  A$main$70                          main
     00008060  A$main$71                          main
     00008064  A$main$72                          main
     00008068  A$main$73                          main
     0000806C  A$main$74                          main
     00008070  A$main$75                          main
     00008074  A$main$76                          main
     00008078  A$main$77                          main
     0000807C  A$main$78                          main
     00008080  A$main$113                         main
ASxxxx Linker V03.00 + NoICE + sdld,  page 6.
Hexadecimal  [32-Bits]

Area                                    Addr        Size        Decimal Bytes (Attributes)
--------------------------------        ----        ----        ------- ----- ------------
GSINIT                              00008083    0000001A =          26. bytes (REL,CON)

      Value  Global                              Global Defined In Module
      -----  --------------------------------   ------------------------
     00008083  A$main$89                          main
     00008086  A$main$90                          main
     00008088  A$main$92                          main
     0000808C  A$main$93                          main
     0000808D  A$main$94                          main
     0000808F  A$main$96                          main
     00008092  A$main$97                          main
     00008094  A$main$99                          main
     00008097  A$main$100                         main
     0000809A  A$main$101                         main
     0000809B  A$main$102                         main

ASxxxx Linker V03.00 + NoICE + sdld,  page 7.
Hexadecimal  [32-Bits]

Area                                    Addr        Size        Decimal Bytes (Attributes)
--------------------------------        ----        ----        ------- ----- ------------
GSFINAL                             0000809D    00000003 =           3. bytes (REL,CON)

      Value  Global                              Global Defined In Module
      -----  --------------------------------   ------------------------
     0000809D  A$main$106                         main

ASxxxx Linker V03.00 + NoICE + sdld,  page 8.
Hexadecimal  [32-Bits]

Area                                    Addr        Size        Decimal Bytes (Attributes)
--------------------------------        ----        ----        ------- ----- ------------
CODE                                000080A0    0000119C =        4508. bytes (REL,CON)

      Value  Global                              Global Defined In Module
      -----  --------------------------------   ------------------------
     000080A0  A$main$125                         main
     000080A0  _main                              main
     000080A2  A$main$126                         main
     000080A4  A$main$127                         main
     000080A7  A$main$128                         main
     000080A9  A$main$130                         main
     000080AC  A$main$132                         main
     000080AF  A$main$134                         main
     000080B2  A$main$136                         main
     000080B4  A$main$137                         main
     000080B6  A$main$138                         main
     000080B8  A$main$139                         main
     000080BA  A$main$140                         main
     000080BD  A$main$141                         main
     000080BF  A$main$144                         main
     000080C2  A$main$147                         main
     000080C3  A$main$148                         main
     000080C4  A$main$150                         main
     000080C5  A$main$151                         main
     000080C7  A$main$153                         main
     000080C9  A$main$154                         main
     000080CB  A$main$155                         main
     000080CD  A$main$156                         main
     000080D0  A$main$157                         main
     000080D2  A$main$159                         main
     000080D5  A$main$161                         main
     000080D6  A$main$162                         main
     000080D7  A$main$163                         main
     000080DA  A$main$164                         main
     000080DB  A$main$165                         main
     000080DD  A$main$168                         main
     000080DD  C$main.c$52$1$84                   main
     000080DD  XG$main$0$0                        main
     000080DE  A$main$175                         main
     000080E1  A$main$177                         main
     000080E3  A$main$178                         main
     000080E5  A$main$179                         main
     000080E7  A$main$180                         main
     000080E9  A$main$181                         main
     000080EB  A$main$182                         main
     000080ED  A$main$183                         main
     000080EF  A$main$184                         main
     000080F0  A$main$185                         main
     000080F1  A$main$186                         main
     000080F4  A$main$187                         main
     000080F6  A$main$190                         main
     000080F6  C$main.c$58$1$89                   main
     000080F6  XFmain$UART_Config$0$0             main
     000080F7  A$main$197                         main
     000080F9  A$main$198                         main
ASxxxx Linker V03.00 + NoICE + sdld,  page 9.
Hexadecimal  [32-Bits]

Area                                    Addr        Size        Decimal Bytes (Attributes)
--------------------------------        ----        ----        ------- ----- ------------
CODE                                000080A0    0000119C =        4508. bytes (REL,CON)

      Value  Global                              Global Defined In Module
      -----  --------------------------------   ------------------------
     000080FB  A$main$199                         main
     000080FD  A$main$200                         main
     000080FF  A$main$201                         main
     00008102  A$main$202                         main
     00008104  A$main$204                         main
     00008107  A$main$206                         main
     00008109  A$main$207                         main
     0000810B  A$main$208                         main
     0000810D  A$main$209                         main
     0000810F  A$main$210                         main
     00008111  A$main$211                         main
     00008113  A$main$212                         main
     00008115  A$main$213                         main
     00008117  A$main$214                         main
     0000811A  A$main$215                         main
     0000811C  A$main$218                         main
     0000811C  C$main.c$64$1$91                   main
     0000811C  XFmain$ADC_Config$0$0              main
     0000811D  A$stm8s_adc1$67                    stm8s_adc1
     0000811D  _ADC1_DeInit                       stm8s_adc1
     00008120  A$stm8s_adc1$68                    stm8s_adc1
     00008121  A$stm8s_adc1$70                    stm8s_adc1
     00008124  A$stm8s_adc1$71                    stm8s_adc1
     00008125  A$stm8s_adc1$73                    stm8s_adc1
     00008128  A$stm8s_adc1$74                    stm8s_adc1
     00008129  A$stm8s_adc1$76                    stm8s_adc1
     0000812C  A$stm8s_adc1$77                    stm8s_adc1
     0000812D  A$stm8s_adc1$79                    stm8s_adc1
     00008130  A$stm8s_adc1$80                    stm8s_adc1
     00008131  A$stm8s_adc1$82                    stm8s_adc1
     00008134  A$stm8s_adc1$83                    stm8s_adc1
     00008135  A$stm8s_adc1$85                    stm8s_adc1
     00008138  A$stm8s_adc1$86                    stm8s_adc1
     0000813A  A$stm8s_adc1$87                    stm8s_adc1
     0000813B  A$stm8s_adc1$89                    stm8s_adc1
     0000813E  A$stm8s_adc1$90                    stm8s_adc1
     00008140  A$stm8s_adc1$91                    stm8s_adc1
     00008141  A$stm8s_adc1$93                    stm8s_adc1
     00008144  A$stm8s_adc1$94                    stm8s_adc1
     00008145  A$stm8s_adc1$96                    stm8s_adc1
     00008148  A$stm8s_adc1$97                    stm8s_adc1
     00008149  A$stm8s_adc1$99                    stm8s_adc1
     0000814C  A$stm8s_adc1$100                   stm8s_adc1
     0000814D  A$stm8s_adc1$102                   stm8s_adc1
     00008150  A$stm8s_adc1$103                   stm8s_adc1
     00008151  A$stm8s_adc1$106                   stm8s_adc1
     00008151  C$stm8s_adc1.c$66$1$82             stm8s_adc1
     00008151  XG$ADC1_DeInit$0$0                 stm8s_adc1
     00008152  A$stm8s_adc1$113                   stm8s_adc1
     00008152  _ADC1_Init                         stm8s_adc1
     00008154  A$stm8s_adc1$114                   stm8s_adc1
ASxxxx Linker V03.00 + NoICE + sdld,  page 10.
Hexadecimal  [32-Bits]

Area                                    Addr        Size        Decimal Bytes (Attributes)
--------------------------------        ----        ----        ------- ----- ------------
CODE                                000080A0    0000119C =        4508. bytes (REL,CON)

      Value  Global                              Global Defined In Module
      -----  --------------------------------   ------------------------
     00008155  A$stm8s_adc1$115                   stm8s_adc1
     00008157  A$stm8s_adc1$116                   stm8s_adc1
     00008158  A$stm8s_adc1$117                   stm8s_adc1
     0000815A  A$stm8s_adc1$118                   stm8s_adc1
     0000815B  A$stm8s_adc1$119                   stm8s_adc1
     0000815E  A$stm8s_adc1$120                   stm8s_adc1
     00008160  A$stm8s_adc1$122                   stm8s_adc1
     00008162  A$stm8s_adc1$123                   stm8s_adc1
     00008163  A$stm8s_adc1$124                   stm8s_adc1
     00008166  A$stm8s_adc1$125                   stm8s_adc1
     00008167  A$stm8s_adc1$127                   stm8s_adc1
     00008169  A$stm8s_adc1$128                   stm8s_adc1
     0000816A  A$stm8s_adc1$129                   stm8s_adc1
     0000816C  A$stm8s_adc1$130                   stm8s_adc1
     0000816D  A$stm8s_adc1$131                   stm8s_adc1
     00008170  A$stm8s_adc1$132                   stm8s_adc1
     00008172  A$stm8s_adc1$134                   stm8s_adc1
     00008174  A$stm8s_adc1$135                   stm8s_adc1
     00008175  A$stm8s_adc1$136                   stm8s_adc1
     00008177  A$stm8s_adc1$137                   stm8s_adc1
     00008178  A$stm8s_adc1$138                   stm8s_adc1
     0000817B  A$stm8s_adc1$139                   stm8s_adc1
     0000817D  A$stm8s_adc1$141                   stm8s_adc1
     00008180  A$stm8s_adc1$142                   stm8s_adc1
     00008181  A$stm8s_adc1$143                   stm8s_adc1
     00008183  A$stm8s_adc1$144                   stm8s_adc1
     00008184  A$stm8s_adc1$147                   stm8s_adc1
     00008184  C$stm8s_adc1.c$119$1$84            stm8s_adc1
     00008184  XG$ADC1_Init$0$0                   stm8s_adc1
     00008185  A$stm8s_adc1$154                   stm8s_adc1
     00008185  _ADC1_Cmd                          stm8s_adc1
     00008187  A$stm8s_adc1$155                   stm8s_adc1
     00008189  A$stm8s_adc1$157                   stm8s_adc1
     0000818C  A$stm8s_adc1$158                   stm8s_adc1
     0000818D  A$stm8s_adc1$159                   stm8s_adc1
     0000818F  A$stm8s_adc1$160                   stm8s_adc1
     00008190  A$stm8s_adc1$161                   stm8s_adc1
     00008192  A$stm8s_adc1$164                   stm8s_adc1
     00008195  A$stm8s_adc1$165                   stm8s_adc1
     00008196  A$stm8s_adc1$166                   stm8s_adc1
     00008198  A$stm8s_adc1$167                   stm8s_adc1
     00008199  A$stm8s_adc1$171                   stm8s_adc1
     00008199  C$stm8s_adc1.c$139$1$86            stm8s_adc1
     00008199  XG$ADC1_Cmd$0$0                    stm8s_adc1
     0000819A  A$stm8s_adc1$178                   stm8s_adc1
     0000819A  _ADC1_ScanModeCmd                  stm8s_adc1
     0000819C  A$stm8s_adc1$179                   stm8s_adc1
     0000819E  A$stm8s_adc1$181                   stm8s_adc1
     000081A1  A$stm8s_adc1$182                   stm8s_adc1
     000081A2  A$stm8s_adc1$183                   stm8s_adc1
     000081A4  A$stm8s_adc1$184                   stm8s_adc1
ASxxxx Linker V03.00 + NoICE + sdld,  page 11.
Hexadecimal  [32-Bits]

Area                                    Addr        Size        Decimal Bytes (Attributes)
--------------------------------        ----        ----        ------- ----- ------------
CODE                                000080A0    0000119C =        4508. bytes (REL,CON)

      Value  Global                              Global Defined In Module
      -----  --------------------------------   ------------------------
     000081A5  A$stm8s_adc1$185                   stm8s_adc1
     000081A7  A$stm8s_adc1$188                   stm8s_adc1
     000081AA  A$stm8s_adc1$189                   stm8s_adc1
     000081AB  A$stm8s_adc1$190                   stm8s_adc1
     000081AD  A$stm8s_adc1$191                   stm8s_adc1
     000081AE  A$stm8s_adc1$195                   stm8s_adc1
     000081AE  C$stm8s_adc1.c$159$1$90            stm8s_adc1
     000081AE  XG$ADC1_ScanModeCmd$0$0            stm8s_adc1
     000081AF  A$stm8s_adc1$202                   stm8s_adc1
     000081AF  _ADC1_DataBufferCmd                stm8s_adc1
     000081B1  A$stm8s_adc1$203                   stm8s_adc1
     000081B3  A$stm8s_adc1$205                   stm8s_adc1
     000081B6  A$stm8s_adc1$206                   stm8s_adc1
     000081B7  A$stm8s_adc1$207                   stm8s_adc1
     000081B9  A$stm8s_adc1$208                   stm8s_adc1
     000081BA  A$stm8s_adc1$209                   stm8s_adc1
     000081BC  A$stm8s_adc1$212                   stm8s_adc1
     000081BF  A$stm8s_adc1$213                   stm8s_adc1
     000081C0  A$stm8s_adc1$214                   stm8s_adc1
     000081C2  A$stm8s_adc1$215                   stm8s_adc1
     000081C3  A$stm8s_adc1$219                   stm8s_adc1
     000081C3  C$stm8s_adc1.c$179$1$94            stm8s_adc1
     000081C3  XG$ADC1_DataBufferCmd$0$0          stm8s_adc1
     000081C4  A$stm8s_adc1$225                   stm8s_adc1
     000081C4  _ADC1_ITConfig                     stm8s_adc1
     000081C5  A$stm8s_adc1$227                   stm8s_adc1
     000081C7  A$stm8s_adc1$228                   stm8s_adc1
     000081C9  A$stm8s_adc1$230                   stm8s_adc1
     000081CC  A$stm8s_adc1$231                   stm8s_adc1
     000081CD  A$stm8s_adc1$232                   stm8s_adc1
     000081CF  A$stm8s_adc1$233                   stm8s_adc1
     000081D1  A$stm8s_adc1$234                   stm8s_adc1
     000081D3  A$stm8s_adc1$235                   stm8s_adc1
     000081D6  A$stm8s_adc1$236                   stm8s_adc1
     000081D7  A$stm8s_adc1$237                   stm8s_adc1
     000081D9  A$stm8s_adc1$240                   stm8s_adc1
     000081DC  A$stm8s_adc1$241                   stm8s_adc1
     000081DD  A$stm8s_adc1$242                   stm8s_adc1
     000081DF  A$stm8s_adc1$243                   stm8s_adc1
     000081E0  A$stm8s_adc1$244                   stm8s_adc1
     000081E1  A$stm8s_adc1$245                   stm8s_adc1
     000081E3  A$stm8s_adc1$246                   stm8s_adc1
     000081E4  A$stm8s_adc1$247                   stm8s_adc1
     000081E7  A$stm8s_adc1$248                   stm8s_adc1
     000081E8  A$stm8s_adc1$250                   stm8s_adc1
     000081E9  A$stm8s_adc1$253                   stm8s_adc1
     000081E9  C$stm8s_adc1.c$206$1$98            stm8s_adc1
     000081E9  XG$ADC1_ITConfig$0$0               stm8s_adc1
     000081EA  A$stm8s_adc1$260                   stm8s_adc1
     000081EA  _ADC1_PrescalerConfig              stm8s_adc1
     000081ED  A$stm8s_adc1$261                   stm8s_adc1
ASxxxx Linker V03.00 + NoICE + sdld,  page 12.
Hexadecimal  [32-Bits]

Area                                    Addr        Size        Decimal Bytes (Attributes)
--------------------------------        ----        ----        ------- ----- ------------
CODE                                000080A0    0000119C =        4508. bytes (REL,CON)

      Value  Global                              Global Defined In Module
      -----  --------------------------------   ------------------------
     000081EE  A$stm8s_adc1$262                   stm8s_adc1
     000081F0  A$stm8s_adc1$263                   stm8s_adc1
     000081F1  A$stm8s_adc1$265                   stm8s_adc1
     000081F4  A$stm8s_adc1$266                   stm8s_adc1
     000081F5  A$stm8s_adc1$267                   stm8s_adc1
     000081F7  A$stm8s_adc1$268                   stm8s_adc1
     000081FA  A$stm8s_adc1$269                   stm8s_adc1
     000081FB  A$stm8s_adc1$272                   stm8s_adc1
     000081FB  C$stm8s_adc1.c$223$1$102           stm8s_adc1
     000081FB  XG$ADC1_PrescalerConfig$0$0        stm8s_adc1
     000081FC  A$stm8s_adc1$278                   stm8s_adc1
     000081FC  _ADC1_SchmittTriggerConfig         stm8s_adc1
     000081FE  A$stm8s_adc1$280                   stm8s_adc1
     00008200  A$stm8s_adc1$281                   stm8s_adc1
     00008202  A$stm8s_adc1$282                   stm8s_adc1
     00008204  A$stm8s_adc1$284                   stm8s_adc1
     00008206  A$stm8s_adc1$285                   stm8s_adc1
     00008208  A$stm8s_adc1$287                   stm8s_adc1
     0000820B  A$stm8s_adc1$288                   stm8s_adc1
     0000820C  A$stm8s_adc1$289                   stm8s_adc1
     0000820F  A$stm8s_adc1$290                   stm8s_adc1
     00008210  A$stm8s_adc1$292                   stm8s_adc1
     00008213  A$stm8s_adc1$293                   stm8s_adc1
     00008214  A$stm8s_adc1$294                   stm8s_adc1
     00008217  A$stm8s_adc1$295                   stm8s_adc1
     00008218  A$stm8s_adc1$296                   stm8s_adc1
     0000821B  A$stm8s_adc1$299                   stm8s_adc1
     0000821E  A$stm8s_adc1$300                   stm8s_adc1
     0000821F  A$stm8s_adc1$301                   stm8s_adc1
     00008222  A$stm8s_adc1$302                   stm8s_adc1
     00008224  A$stm8s_adc1$303                   stm8s_adc1
     00008225  A$stm8s_adc1$305                   stm8s_adc1
     00008228  A$stm8s_adc1$306                   stm8s_adc1
     00008229  A$stm8s_adc1$307                   stm8s_adc1
     0000822C  A$stm8s_adc1$308                   stm8s_adc1
     0000822E  A$stm8s_adc1$309                   stm8s_adc1
     0000822F  A$stm8s_adc1$310                   stm8s_adc1
     00008232  A$stm8s_adc1$313                   stm8s_adc1
     00008234  A$stm8s_adc1$314                   stm8s_adc1
     00008236  A$stm8s_adc1$315                   stm8s_adc1
     00008238  A$stm8s_adc1$317                   stm8s_adc1
     0000823A  A$stm8s_adc1$318                   stm8s_adc1
     0000823C  A$stm8s_adc1$319                   stm8s_adc1
     0000823E  A$stm8s_adc1$320                   stm8s_adc1
     0000823F  A$stm8s_adc1$321                   stm8s_adc1
     00008241  A$stm8s_adc1$323                   stm8s_adc1
     00008243  A$stm8s_adc1$324                   stm8s_adc1
     00008244  A$stm8s_adc1$325                   stm8s_adc1
     00008246  A$stm8s_adc1$328                   stm8s_adc1
     00008248  A$stm8s_adc1$329                   stm8s_adc1
     0000824A  A$stm8s_adc1$331                   stm8s_adc1
ASxxxx Linker V03.00 + NoICE + sdld,  page 13.
Hexadecimal  [32-Bits]

Area                                    Addr        Size        Decimal Bytes (Attributes)
--------------------------------        ----        ----        ------- ----- ------------
CODE                                000080A0    0000119C =        4508. bytes (REL,CON)

      Value  Global                              Global Defined In Module
      -----  --------------------------------   ------------------------
     0000824D  A$stm8s_adc1$332                   stm8s_adc1
     0000824E  A$stm8s_adc1$333                   stm8s_adc1
     00008250  A$stm8s_adc1$334                   stm8s_adc1
     00008252  A$stm8s_adc1$335                   stm8s_adc1
     00008253  A$stm8s_adc1$336                   stm8s_adc1
     00008255  A$stm8s_adc1$337                   stm8s_adc1
     00008258  A$stm8s_adc1$338                   stm8s_adc1
     00008259  A$stm8s_adc1$339                   stm8s_adc1
     0000825B  A$stm8s_adc1$342                   stm8s_adc1
     0000825E  A$stm8s_adc1$343                   stm8s_adc1
     0000825F  A$stm8s_adc1$344                   stm8s_adc1
     00008261  A$stm8s_adc1$345                   stm8s_adc1
     00008264  A$stm8s_adc1$346                   stm8s_adc1
     00008265  A$stm8s_adc1$347                   stm8s_adc1
     00008267  A$stm8s_adc1$350                   stm8s_adc1
     00008269  A$stm8s_adc1$351                   stm8s_adc1
     0000826B  A$stm8s_adc1$352                   stm8s_adc1
     0000826C  A$stm8s_adc1$353                   stm8s_adc1
     0000826E  A$stm8s_adc1$354                   stm8s_adc1
     00008270  A$stm8s_adc1$355                   stm8s_adc1
     00008271  A$stm8s_adc1$356                   stm8s_adc1
     00008272  A$stm8s_adc1$357                   stm8s_adc1
     00008274  A$stm8s_adc1$359                   stm8s_adc1
     00008276  A$stm8s_adc1$360                   stm8s_adc1
     00008277  A$stm8s_adc1$361                   stm8s_adc1
     00008279  A$stm8s_adc1$364                   stm8s_adc1
     0000827B  A$stm8s_adc1$365                   stm8s_adc1
     0000827D  A$stm8s_adc1$367                   stm8s_adc1
     00008280  A$stm8s_adc1$368                   stm8s_adc1
     00008281  A$stm8s_adc1$369                   stm8s_adc1
     00008283  A$stm8s_adc1$370                   stm8s_adc1
     00008285  A$stm8s_adc1$371                   stm8s_adc1
     00008286  A$stm8s_adc1$372                   stm8s_adc1
     00008288  A$stm8s_adc1$373                   stm8s_adc1
     0000828B  A$stm8s_adc1$374                   stm8s_adc1
     0000828C  A$stm8s_adc1$375                   stm8s_adc1
     0000828E  A$stm8s_adc1$378                   stm8s_adc1
     00008291  A$stm8s_adc1$379                   stm8s_adc1
     00008292  A$stm8s_adc1$380                   stm8s_adc1
     00008294  A$stm8s_adc1$381                   stm8s_adc1
     00008297  A$stm8s_adc1$382                   stm8s_adc1
     00008298  A$stm8s_adc1$384                   stm8s_adc1
     0000829A  A$stm8s_adc1$387                   stm8s_adc1
     0000829A  C$stm8s_adc1.c$274$1$104           stm8s_adc1
     0000829A  XG$ADC1_SchmittTriggerConfig$0$0   stm8s_adc1
     0000829B  A$stm8s_adc1$394                   stm8s_adc1
     0000829B  _ADC1_ConversionConfig             stm8s_adc1
     0000829E  A$stm8s_adc1$395                   stm8s_adc1
     0000829F  A$stm8s_adc1$396                   stm8s_adc1
     000082A1  A$stm8s_adc1$397                   stm8s_adc1
     000082A2  A$stm8s_adc1$399                   stm8s_adc1
ASxxxx Linker V03.00 + NoICE + sdld,  page 14.
Hexadecimal  [32-Bits]

Area                                    Addr        Size        Decimal Bytes (Attributes)
--------------------------------        ----        ----        ------- ----- ------------
CODE                                000080A0    0000119C =        4508. bytes (REL,CON)

      Value  Global                              Global Defined In Module
      -----  --------------------------------   ------------------------
     000082A5  A$stm8s_adc1$400                   stm8s_adc1
     000082A6  A$stm8s_adc1$401                   stm8s_adc1
     000082A8  A$stm8s_adc1$402                   stm8s_adc1
     000082AB  A$stm8s_adc1$403                   stm8s_adc1
     000082AC  A$stm8s_adc1$405                   stm8s_adc1
     000082AE  A$stm8s_adc1$406                   stm8s_adc1
     000082B0  A$stm8s_adc1$407                   stm8s_adc1
     000082B2  A$stm8s_adc1$409                   stm8s_adc1
     000082B5  A$stm8s_adc1$410                   stm8s_adc1
     000082B6  A$stm8s_adc1$411                   stm8s_adc1
     000082B8  A$stm8s_adc1$412                   stm8s_adc1
     000082B9  A$stm8s_adc1$413                   stm8s_adc1
     000082BB  A$stm8s_adc1$416                   stm8s_adc1
     000082BE  A$stm8s_adc1$417                   stm8s_adc1
     000082BF  A$stm8s_adc1$418                   stm8s_adc1
     000082C1  A$stm8s_adc1$419                   stm8s_adc1
     000082C2  A$stm8s_adc1$422                   stm8s_adc1
     000082C5  A$stm8s_adc1$423                   stm8s_adc1
     000082C6  A$stm8s_adc1$424                   stm8s_adc1
     000082C8  A$stm8s_adc1$425                   stm8s_adc1
     000082C9  A$stm8s_adc1$427                   stm8s_adc1
     000082CC  A$stm8s_adc1$428                   stm8s_adc1
     000082CD  A$stm8s_adc1$429                   stm8s_adc1
     000082CF  A$stm8s_adc1$430                   stm8s_adc1
     000082D2  A$stm8s_adc1$431                   stm8s_adc1
     000082D3  A$stm8s_adc1$434                   stm8s_adc1
     000082D3  C$stm8s_adc1.c$313$1$115           stm8s_adc1
     000082D3  XG$ADC1_ConversionConfig$0$0       stm8s_adc1
     000082D4  A$stm8s_adc1$441                   stm8s_adc1
     000082D4  _ADC1_ExternalTriggerConfig        stm8s_adc1
     000082D7  A$stm8s_adc1$442                   stm8s_adc1
     000082D8  A$stm8s_adc1$443                   stm8s_adc1
     000082DA  A$stm8s_adc1$444                   stm8s_adc1
     000082DB  A$stm8s_adc1$446                   stm8s_adc1
     000082DD  A$stm8s_adc1$447                   stm8s_adc1
     000082DF  A$stm8s_adc1$449                   stm8s_adc1
     000082E2  A$stm8s_adc1$450                   stm8s_adc1
     000082E3  A$stm8s_adc1$451                   stm8s_adc1
     000082E5  A$stm8s_adc1$452                   stm8s_adc1
     000082E6  A$stm8s_adc1$453                   stm8s_adc1
     000082E8  A$stm8s_adc1$456                   stm8s_adc1
     000082EB  A$stm8s_adc1$457                   stm8s_adc1
     000082EC  A$stm8s_adc1$458                   stm8s_adc1
     000082EE  A$stm8s_adc1$459                   stm8s_adc1
     000082EF  A$stm8s_adc1$462                   stm8s_adc1
     000082F2  A$stm8s_adc1$463                   stm8s_adc1
     000082F3  A$stm8s_adc1$464                   stm8s_adc1
     000082F5  A$stm8s_adc1$465                   stm8s_adc1
     000082F8  A$stm8s_adc1$466                   stm8s_adc1
     000082F9  A$stm8s_adc1$469                   stm8s_adc1
     000082F9  C$stm8s_adc1.c$347$1$119           stm8s_adc1
ASxxxx Linker V03.00 + NoICE + sdld,  page 15.
Hexadecimal  [32-Bits]

Area                                    Addr        Size        Decimal Bytes (Attributes)
--------------------------------        ----        ----        ------- ----- ------------
CODE                                000080A0    0000119C =        4508. bytes (REL,CON)

      Value  Global                              Global Defined In Module
      -----  --------------------------------   ------------------------
     000082F9  XG$ADC1_ExternalTriggerConfig$0$   stm8s_adc1
     000082FA  A$stm8s_adc1$476                   stm8s_adc1
     000082FA  _ADC1_StartConversion              stm8s_adc1
     000082FD  A$stm8s_adc1$477                   stm8s_adc1
     000082FE  A$stm8s_adc1$478                   stm8s_adc1
     00008300  A$stm8s_adc1$479                   stm8s_adc1
     00008301  A$stm8s_adc1$482                   stm8s_adc1
     00008301  C$stm8s_adc1.c$361$1$123           stm8s_adc1
     00008301  XG$ADC1_StartConversion$0$0        stm8s_adc1
     00008302  A$stm8s_adc1$488                   stm8s_adc1
     00008302  _ADC1_GetConversionValue           stm8s_adc1
     00008304  A$stm8s_adc1$490                   stm8s_adc1
     00008307  A$stm8s_adc1$491                   stm8s_adc1
     00008308  A$stm8s_adc1$492                   stm8s_adc1
     0000830A  A$stm8s_adc1$493                   stm8s_adc1
     0000830C  A$stm8s_adc1$495                   stm8s_adc1
     0000830F  A$stm8s_adc1$496                   stm8s_adc1
     00008310  A$stm8s_adc1$497                   stm8s_adc1
     00008312  A$stm8s_adc1$499                   stm8s_adc1
     00008315  A$stm8s_adc1$500                   stm8s_adc1
     00008316  A$stm8s_adc1$501                   stm8s_adc1
     00008317  A$stm8s_adc1$502                   stm8s_adc1
     00008318  A$stm8s_adc1$504                   stm8s_adc1
     00008319  A$stm8s_adc1$505                   stm8s_adc1
     0000831A  A$stm8s_adc1$506                   stm8s_adc1
     0000831B  A$stm8s_adc1$507                   stm8s_adc1
     0000831C  A$stm8s_adc1$508                   stm8s_adc1
     0000831D  A$stm8s_adc1$509                   stm8s_adc1
     0000831E  A$stm8s_adc1$510                   stm8s_adc1
     0000831F  A$stm8s_adc1$511                   stm8s_adc1
     00008320  A$stm8s_adc1$512                   stm8s_adc1
     00008322  A$stm8s_adc1$513                   stm8s_adc1
     00008324  A$stm8s_adc1$514                   stm8s_adc1
     00008326  A$stm8s_adc1$515                   stm8s_adc1
     00008327  A$stm8s_adc1$516                   stm8s_adc1
     00008329  A$stm8s_adc1$517                   stm8s_adc1
     0000832B  A$stm8s_adc1$518                   stm8s_adc1
     0000832C  A$stm8s_adc1$519                   stm8s_adc1
     0000832E  A$stm8s_adc1$520                   stm8s_adc1
     0000832F  A$stm8s_adc1$521                   stm8s_adc1
     00008331  A$stm8s_adc1$522                   stm8s_adc1
     00008333  A$stm8s_adc1$523                   stm8s_adc1
     00008334  A$stm8s_adc1$524                   stm8s_adc1
     00008336  A$stm8s_adc1$527                   stm8s_adc1
     00008339  A$stm8s_adc1$528                   stm8s_adc1
     0000833A  A$stm8s_adc1$529                   stm8s_adc1
     0000833C  A$stm8s_adc1$530                   stm8s_adc1
     0000833E  A$stm8s_adc1$532                   stm8s_adc1
     00008341  A$stm8s_adc1$533                   stm8s_adc1
     00008342  A$stm8s_adc1$535                   stm8s_adc1
     00008343  A$stm8s_adc1$536                   stm8s_adc1
ASxxxx Linker V03.00 + NoICE + sdld,  page 16.
Hexadecimal  [32-Bits]

Area                                    Addr        Size        Decimal Bytes (Attributes)
--------------------------------        ----        ----        ------- ----- ------------
CODE                                000080A0    0000119C =        4508. bytes (REL,CON)

      Value  Global                              Global Defined In Module
      -----  --------------------------------   ------------------------
     00008344  A$stm8s_adc1$537                   stm8s_adc1
     00008345  A$stm8s_adc1$538                   stm8s_adc1
     00008346  A$stm8s_adc1$539                   stm8s_adc1
     00008347  A$stm8s_adc1$540                   stm8s_adc1
     00008348  A$stm8s_adc1$541                   stm8s_adc1
     00008349  A$stm8s_adc1$542                   stm8s_adc1
     0000834A  A$stm8s_adc1$543                   stm8s_adc1
     0000834C  A$stm8s_adc1$544                   stm8s_adc1
     0000834D  A$stm8s_adc1$545                   stm8s_adc1
     0000834E  A$stm8s_adc1$546                   stm8s_adc1
     0000834F  A$stm8s_adc1$547                   stm8s_adc1
     00008350  A$stm8s_adc1$548                   stm8s_adc1
     00008351  A$stm8s_adc1$549                   stm8s_adc1
     00008352  A$stm8s_adc1$550                   stm8s_adc1
     00008353  A$stm8s_adc1$551                   stm8s_adc1
     00008354  A$stm8s_adc1$552                   stm8s_adc1
     00008355  A$stm8s_adc1$553                   stm8s_adc1
     00008356  A$stm8s_adc1$554                   stm8s_adc1
     00008358  A$stm8s_adc1$555                   stm8s_adc1
     0000835A  A$stm8s_adc1$556                   stm8s_adc1
     0000835B  A$stm8s_adc1$557                   stm8s_adc1
     0000835D  A$stm8s_adc1$558                   stm8s_adc1
     0000835E  A$stm8s_adc1$559                   stm8s_adc1
     00008360  A$stm8s_adc1$560                   stm8s_adc1
     00008362  A$stm8s_adc1$561                   stm8s_adc1
     00008363  A$stm8s_adc1$564                   stm8s_adc1
     00008364  A$stm8s_adc1$565                   stm8s_adc1
     00008366  A$stm8s_adc1$566                   stm8s_adc1
     00008367  A$stm8s_adc1$567                   stm8s_adc1
     00008369  A$stm8s_adc1$570                   stm8s_adc1
     00008369  C$stm8s_adc1.c$395$1$125           stm8s_adc1
     00008369  XG$ADC1_GetConversionValue$0$0     stm8s_adc1
     0000836A  A$stm8s_adc1$576                   stm8s_adc1
     0000836A  _ADC1_AWDChannelConfig             stm8s_adc1
     0000836C  A$stm8s_adc1$578                   stm8s_adc1
     0000836E  A$stm8s_adc1$579                   stm8s_adc1
     00008370  A$stm8s_adc1$580                   stm8s_adc1
     00008372  A$stm8s_adc1$582                   stm8s_adc1
     00008374  A$stm8s_adc1$583                   stm8s_adc1
     00008376  A$stm8s_adc1$584                   stm8s_adc1
     00008378  A$stm8s_adc1$585                   stm8s_adc1
     00008379  A$stm8s_adc1$586                   stm8s_adc1
     0000837B  A$stm8s_adc1$588                   stm8s_adc1
     0000837D  A$stm8s_adc1$589                   stm8s_adc1
     0000837E  A$stm8s_adc1$590                   stm8s_adc1
     00008380  A$stm8s_adc1$593                   stm8s_adc1
     00008382  A$stm8s_adc1$594                   stm8s_adc1
     00008384  A$stm8s_adc1$596                   stm8s_adc1
     00008387  A$stm8s_adc1$597                   stm8s_adc1
     00008388  A$stm8s_adc1$598                   stm8s_adc1
     0000838A  A$stm8s_adc1$599                   stm8s_adc1
ASxxxx Linker V03.00 + NoICE + sdld,  page 17.
Hexadecimal  [32-Bits]

Area                                    Addr        Size        Decimal Bytes (Attributes)
--------------------------------        ----        ----        ------- ----- ------------
CODE                                000080A0    0000119C =        4508. bytes (REL,CON)

      Value  Global                              Global Defined In Module
      -----  --------------------------------   ------------------------
     0000838D  A$stm8s_adc1$600                   stm8s_adc1
     0000838E  A$stm8s_adc1$601                   stm8s_adc1
     00008390  A$stm8s_adc1$604                   stm8s_adc1
     00008393  A$stm8s_adc1$605                   stm8s_adc1
     00008394  A$stm8s_adc1$606                   stm8s_adc1
     00008396  A$stm8s_adc1$607                   stm8s_adc1
     00008398  A$stm8s_adc1$608                   stm8s_adc1
     00008399  A$stm8s_adc1$609                   stm8s_adc1
     0000839B  A$stm8s_adc1$610                   stm8s_adc1
     0000839E  A$stm8s_adc1$611                   stm8s_adc1
     0000839F  A$stm8s_adc1$612                   stm8s_adc1
     000083A1  A$stm8s_adc1$615                   stm8s_adc1
     000083A3  A$stm8s_adc1$616                   stm8s_adc1
     000083A5  A$stm8s_adc1$617                   stm8s_adc1
     000083A6  A$stm8s_adc1$618                   stm8s_adc1
     000083A8  A$stm8s_adc1$619                   stm8s_adc1
     000083AA  A$stm8s_adc1$620                   stm8s_adc1
     000083AB  A$stm8s_adc1$621                   stm8s_adc1
     000083AC  A$stm8s_adc1$622                   stm8s_adc1
     000083AE  A$stm8s_adc1$624                   stm8s_adc1
     000083B0  A$stm8s_adc1$625                   stm8s_adc1
     000083B1  A$stm8s_adc1$626                   stm8s_adc1
     000083B3  A$stm8s_adc1$629                   stm8s_adc1
     000083B5  A$stm8s_adc1$630                   stm8s_adc1
     000083B7  A$stm8s_adc1$632                   stm8s_adc1
     000083BA  A$stm8s_adc1$633                   stm8s_adc1
     000083BB  A$stm8s_adc1$634                   stm8s_adc1
     000083BD  A$stm8s_adc1$635                   stm8s_adc1
     000083C0  A$stm8s_adc1$636                   stm8s_adc1
     000083C1  A$stm8s_adc1$637                   stm8s_adc1
     000083C3  A$stm8s_adc1$640                   stm8s_adc1
     000083C6  A$stm8s_adc1$641                   stm8s_adc1
     000083C7  A$stm8s_adc1$642                   stm8s_adc1
     000083C9  A$stm8s_adc1$643                   stm8s_adc1
     000083CB  A$stm8s_adc1$644                   stm8s_adc1
     000083CC  A$stm8s_adc1$645                   stm8s_adc1
     000083CE  A$stm8s_adc1$646                   stm8s_adc1
     000083D1  A$stm8s_adc1$647                   stm8s_adc1
     000083D2  A$stm8s_adc1$649                   stm8s_adc1
     000083D4  A$stm8s_adc1$652                   stm8s_adc1
     000083D4  C$stm8s_adc1.c$433$1$129           stm8s_adc1
     000083D4  XG$ADC1_AWDChannelConfig$0$0       stm8s_adc1
     000083D5  A$stm8s_adc1$659                   stm8s_adc1
     000083D5  _ADC1_SetHighThreshold             stm8s_adc1
     000083D7  A$stm8s_adc1$660                   stm8s_adc1
     000083D8  A$stm8s_adc1$661                   stm8s_adc1
     000083D9  A$stm8s_adc1$662                   stm8s_adc1
     000083DA  A$stm8s_adc1$663                   stm8s_adc1
     000083DD  A$stm8s_adc1$664                   stm8s_adc1
     000083DE  A$stm8s_adc1$666                   stm8s_adc1
     000083E0  A$stm8s_adc1$667                   stm8s_adc1
ASxxxx Linker V03.00 + NoICE + sdld,  page 18.
Hexadecimal  [32-Bits]

Area                                    Addr        Size        Decimal Bytes (Attributes)
--------------------------------        ----        ----        ------- ----- ------------
CODE                                000080A0    0000119C =        4508. bytes (REL,CON)

      Value  Global                              Global Defined In Module
      -----  --------------------------------   ------------------------
     000083E3  A$stm8s_adc1$668                   stm8s_adc1
     000083E4  A$stm8s_adc1$671                   stm8s_adc1
     000083E4  C$stm8s_adc1.c$445$1$137           stm8s_adc1
     000083E4  XG$ADC1_SetHighThreshold$0$0       stm8s_adc1
     000083E5  A$stm8s_adc1$678                   stm8s_adc1
     000083E5  _ADC1_SetLowThreshold              stm8s_adc1
     000083E7  A$stm8s_adc1$679                   stm8s_adc1
     000083EA  A$stm8s_adc1$680                   stm8s_adc1
     000083EB  A$stm8s_adc1$682                   stm8s_adc1
     000083ED  A$stm8s_adc1$683                   stm8s_adc1
     000083EE  A$stm8s_adc1$684                   stm8s_adc1
     000083EF  A$stm8s_adc1$685                   stm8s_adc1
     000083F0  A$stm8s_adc1$686                   stm8s_adc1
     000083F3  A$stm8s_adc1$687                   stm8s_adc1
     000083F4  A$stm8s_adc1$690                   stm8s_adc1
     000083F4  C$stm8s_adc1.c$457$1$139           stm8s_adc1
     000083F4  XG$ADC1_SetLowThreshold$0$0        stm8s_adc1
     000083F5  A$stm8s_adc1$696                   stm8s_adc1
     000083F5  _ADC1_GetBufferValue               stm8s_adc1
     000083F7  A$stm8s_adc1$698                   stm8s_adc1
     000083FA  A$stm8s_adc1$699                   stm8s_adc1
     000083FB  A$stm8s_adc1$700                   stm8s_adc1
     000083FD  A$stm8s_adc1$702                   stm8s_adc1
     000083FF  A$stm8s_adc1$703                   stm8s_adc1
     00008400  A$stm8s_adc1$704                   stm8s_adc1
     00008401  A$stm8s_adc1$705                   stm8s_adc1
     00008402  A$stm8s_adc1$706                   stm8s_adc1
     00008404  A$stm8s_adc1$707                   stm8s_adc1
     00008408  A$stm8s_adc1$709                   stm8s_adc1
     0000840B  A$stm8s_adc1$713                   stm8s_adc1
     0000840D  A$stm8s_adc1$714                   stm8s_adc1
     0000840F  A$stm8s_adc1$716                   stm8s_adc1
     00008410  A$stm8s_adc1$717                   stm8s_adc1
     00008411  A$stm8s_adc1$718                   stm8s_adc1
     00008412  A$stm8s_adc1$720                   stm8s_adc1
     00008414  A$stm8s_adc1$721                   stm8s_adc1
     00008416  A$stm8s_adc1$722                   stm8s_adc1
     00008418  A$stm8s_adc1$724                   stm8s_adc1
     0000841A  A$stm8s_adc1$725                   stm8s_adc1
     0000841C  A$stm8s_adc1$728                   stm8s_adc1
     0000841D  A$stm8s_adc1$729                   stm8s_adc1
     0000841E  A$stm8s_adc1$730                   stm8s_adc1
     0000841F  A$stm8s_adc1$731                   stm8s_adc1
     00008420  A$stm8s_adc1$732                   stm8s_adc1
     00008421  A$stm8s_adc1$733                   stm8s_adc1
     00008422  A$stm8s_adc1$734                   stm8s_adc1
     00008423  A$stm8s_adc1$735                   stm8s_adc1
     00008424  A$stm8s_adc1$736                   stm8s_adc1
     00008426  A$stm8s_adc1$737                   stm8s_adc1
     00008428  A$stm8s_adc1$738                   stm8s_adc1
     0000842A  A$stm8s_adc1$739                   stm8s_adc1
ASxxxx Linker V03.00 + NoICE + sdld,  page 19.
Hexadecimal  [32-Bits]

Area                                    Addr        Size        Decimal Bytes (Attributes)
--------------------------------        ----        ----        ------- ----- ------------
CODE                                000080A0    0000119C =        4508. bytes (REL,CON)

      Value  Global                              Global Defined In Module
      -----  --------------------------------   ------------------------
     0000842B  A$stm8s_adc1$740                   stm8s_adc1
     0000842D  A$stm8s_adc1$741                   stm8s_adc1
     0000842F  A$stm8s_adc1$742                   stm8s_adc1
     00008430  A$stm8s_adc1$743                   stm8s_adc1
     00008432  A$stm8s_adc1$744                   stm8s_adc1
     00008434  A$stm8s_adc1$745                   stm8s_adc1
     00008436  A$stm8s_adc1$746                   stm8s_adc1
     00008438  A$stm8s_adc1$747                   stm8s_adc1
     0000843A  A$stm8s_adc1$750                   stm8s_adc1
     0000843C  A$stm8s_adc1$752                   stm8s_adc1
     0000843E  A$stm8s_adc1$754                   stm8s_adc1
     0000843F  A$stm8s_adc1$755                   stm8s_adc1
     00008440  A$stm8s_adc1$756                   stm8s_adc1
     00008441  A$stm8s_adc1$757                   stm8s_adc1
     00008442  A$stm8s_adc1$758                   stm8s_adc1
     00008443  A$stm8s_adc1$759                   stm8s_adc1
     00008444  A$stm8s_adc1$760                   stm8s_adc1
     00008445  A$stm8s_adc1$761                   stm8s_adc1
     00008446  A$stm8s_adc1$762                   stm8s_adc1
     00008448  A$stm8s_adc1$763                   stm8s_adc1
     00008449  A$stm8s_adc1$764                   stm8s_adc1
     0000844A  A$stm8s_adc1$765                   stm8s_adc1
     0000844B  A$stm8s_adc1$766                   stm8s_adc1
     0000844C  A$stm8s_adc1$767                   stm8s_adc1
     0000844D  A$stm8s_adc1$768                   stm8s_adc1
     0000844E  A$stm8s_adc1$769                   stm8s_adc1
     0000844F  A$stm8s_adc1$770                   stm8s_adc1
     00008450  A$stm8s_adc1$771                   stm8s_adc1
     00008451  A$stm8s_adc1$772                   stm8s_adc1
     00008452  A$stm8s_adc1$773                   stm8s_adc1
     00008454  A$stm8s_adc1$774                   stm8s_adc1
     00008456  A$stm8s_adc1$775                   stm8s_adc1
     00008457  A$stm8s_adc1$776                   stm8s_adc1
     00008459  A$stm8s_adc1$777                   stm8s_adc1
     0000845B  A$stm8s_adc1$778                   stm8s_adc1
     0000845D  A$stm8s_adc1$779                   stm8s_adc1
     0000845F  A$stm8s_adc1$782                   stm8s_adc1
     00008461  A$stm8s_adc1$783                   stm8s_adc1
     00008463  A$stm8s_adc1$786                   stm8s_adc1
     00008463  C$stm8s_adc1.c$494$1$141           stm8s_adc1
     00008463  XG$ADC1_GetBufferValue$0$0         stm8s_adc1
     00008464  A$stm8s_adc1$792                   stm8s_adc1
     00008464  _ADC1_GetAWDChannelStatus          stm8s_adc1
     00008466  A$stm8s_adc1$794                   stm8s_adc1
     00008468  A$stm8s_adc1$795                   stm8s_adc1
     0000846A  A$stm8s_adc1$796                   stm8s_adc1
     0000846C  A$stm8s_adc1$798                   stm8s_adc1
     0000846F  A$stm8s_adc1$799                   stm8s_adc1
     00008470  A$stm8s_adc1$800                   stm8s_adc1
     00008472  A$stm8s_adc1$801                   stm8s_adc1
     00008474  A$stm8s_adc1$802                   stm8s_adc1
ASxxxx Linker V03.00 + NoICE + sdld,  page 20.
Hexadecimal  [32-Bits]

Area                                    Addr        Size        Decimal Bytes (Attributes)
--------------------------------        ----        ----        ------- ----- ------------
CODE                                000080A0    0000119C =        4508. bytes (REL,CON)

      Value  Global                              Global Defined In Module
      -----  --------------------------------   ------------------------
     00008475  A$stm8s_adc1$803                   stm8s_adc1
     00008477  A$stm8s_adc1$804                   stm8s_adc1
     00008478  A$stm8s_adc1$805                   stm8s_adc1
     0000847A  A$stm8s_adc1$807                   stm8s_adc1
     0000847C  A$stm8s_adc1$808                   stm8s_adc1
     0000847D  A$stm8s_adc1$809                   stm8s_adc1
     0000847F  A$stm8s_adc1$811                   stm8s_adc1
     00008480  A$stm8s_adc1$812                   stm8s_adc1
     00008482  A$stm8s_adc1$813                   stm8s_adc1
     00008484  A$stm8s_adc1$816                   stm8s_adc1
     00008487  A$stm8s_adc1$817                   stm8s_adc1
     00008488  A$stm8s_adc1$818                   stm8s_adc1
     0000848A  A$stm8s_adc1$819                   stm8s_adc1
     0000848C  A$stm8s_adc1$820                   stm8s_adc1
     0000848E  A$stm8s_adc1$821                   stm8s_adc1
     0000848F  A$stm8s_adc1$822                   stm8s_adc1
     00008491  A$stm8s_adc1$823                   stm8s_adc1
     00008492  A$stm8s_adc1$824                   stm8s_adc1
     00008493  A$stm8s_adc1$825                   stm8s_adc1
     00008494  A$stm8s_adc1$826                   stm8s_adc1
     00008496  A$stm8s_adc1$828                   stm8s_adc1
     00008498  A$stm8s_adc1$829                   stm8s_adc1
     00008499  A$stm8s_adc1$830                   stm8s_adc1
     0000849B  A$stm8s_adc1$832                   stm8s_adc1
     0000849C  A$stm8s_adc1$833                   stm8s_adc1
     0000849E  A$stm8s_adc1$836                   stm8s_adc1
     000084A0  A$stm8s_adc1$839                   stm8s_adc1
     000084A0  C$stm8s_adc1.c$519$1$145           stm8s_adc1
     000084A0  XG$ADC1_GetAWDChannelStatus$0$0    stm8s_adc1
     000084A1  A$stm8s_adc1$845                   stm8s_adc1
     000084A1  _ADC1_GetFlagStatus                stm8s_adc1
     000084A3  A$stm8s_adc1$847                   stm8s_adc1
     000084A5  A$stm8s_adc1$848                   stm8s_adc1
     000084A7  A$stm8s_adc1$849                   stm8s_adc1
     000084A9  A$stm8s_adc1$850                   stm8s_adc1
     000084AB  A$stm8s_adc1$851                   stm8s_adc1
     000084AD  A$stm8s_adc1$852                   stm8s_adc1
     000084AF  A$stm8s_adc1$854                   stm8s_adc1
     000084B2  A$stm8s_adc1$855                   stm8s_adc1
     000084B3  A$stm8s_adc1$856                   stm8s_adc1
     000084B5  A$stm8s_adc1$857                   stm8s_adc1
     000084B7  A$stm8s_adc1$860                   stm8s_adc1
     000084B9  A$stm8s_adc1$861                   stm8s_adc1
     000084BB  A$stm8s_adc1$862                   stm8s_adc1
     000084BD  A$stm8s_adc1$863                   stm8s_adc1
     000084BF  A$stm8s_adc1$865                   stm8s_adc1
     000084C1  A$stm8s_adc1$866                   stm8s_adc1
     000084C3  A$stm8s_adc1$868                   stm8s_adc1
     000084C5  A$stm8s_adc1$869                   stm8s_adc1
     000084C7  A$stm8s_adc1$870                   stm8s_adc1
     000084C9  A$stm8s_adc1$872                   stm8s_adc1
ASxxxx Linker V03.00 + NoICE + sdld,  page 21.
Hexadecimal  [32-Bits]

Area                                    Addr        Size        Decimal Bytes (Attributes)
--------------------------------        ----        ----        ------- ----- ------------
CODE                                000080A0    0000119C =        4508. bytes (REL,CON)

      Value  Global                              Global Defined In Module
      -----  --------------------------------   ------------------------
     000084CC  A$stm8s_adc1$873                   stm8s_adc1
     000084CD  A$stm8s_adc1$874                   stm8s_adc1
     000084CE  A$stm8s_adc1$875                   stm8s_adc1
     000084D0  A$stm8s_adc1$876                   stm8s_adc1
     000084D2  A$stm8s_adc1$877                   stm8s_adc1
     000084D4  A$stm8s_adc1$878                   stm8s_adc1
     000084D5  A$stm8s_adc1$879                   stm8s_adc1
     000084D7  A$stm8s_adc1$881                   stm8s_adc1
     000084D9  A$stm8s_adc1$882                   stm8s_adc1
     000084DA  A$stm8s_adc1$883                   stm8s_adc1
     000084DC  A$stm8s_adc1$885                   stm8s_adc1
     000084DD  A$stm8s_adc1$886                   stm8s_adc1
     000084DF  A$stm8s_adc1$887                   stm8s_adc1
     000084E1  A$stm8s_adc1$890                   stm8s_adc1
     000084E4  A$stm8s_adc1$891                   stm8s_adc1
     000084E5  A$stm8s_adc1$892                   stm8s_adc1
     000084E6  A$stm8s_adc1$893                   stm8s_adc1
     000084E8  A$stm8s_adc1$894                   stm8s_adc1
     000084EA  A$stm8s_adc1$895                   stm8s_adc1
     000084EB  A$stm8s_adc1$896                   stm8s_adc1
     000084ED  A$stm8s_adc1$897                   stm8s_adc1
     000084EF  A$stm8s_adc1$898                   stm8s_adc1
     000084F0  A$stm8s_adc1$899                   stm8s_adc1
     000084F1  A$stm8s_adc1$900                   stm8s_adc1
     000084F3  A$stm8s_adc1$902                   stm8s_adc1
     000084F5  A$stm8s_adc1$903                   stm8s_adc1
     000084F6  A$stm8s_adc1$904                   stm8s_adc1
     000084F8  A$stm8s_adc1$906                   stm8s_adc1
     000084F9  A$stm8s_adc1$907                   stm8s_adc1
     000084FB  A$stm8s_adc1$908                   stm8s_adc1
     000084FD  A$stm8s_adc1$911                   stm8s_adc1
     00008500  A$stm8s_adc1$912                   stm8s_adc1
     00008501  A$stm8s_adc1$913                   stm8s_adc1
     00008503  A$stm8s_adc1$916                   stm8s_adc1
     00008505  A$stm8s_adc1$919                   stm8s_adc1
     00008505  C$stm8s_adc1.c$559$1$149           stm8s_adc1
     00008505  XG$ADC1_GetFlagStatus$0$0          stm8s_adc1
     00008506  A$stm8s_adc1$925                   stm8s_adc1
     00008506  _ADC1_ClearFlag                    stm8s_adc1
     00008508  A$stm8s_adc1$927                   stm8s_adc1
     0000850A  A$stm8s_adc1$928                   stm8s_adc1
     0000850C  A$stm8s_adc1$929                   stm8s_adc1
     0000850D  A$stm8s_adc1$930                   stm8s_adc1
     0000850F  A$stm8s_adc1$931                   stm8s_adc1
     00008511  A$stm8s_adc1$933                   stm8s_adc1
     00008514  A$stm8s_adc1$934                   stm8s_adc1
     00008515  A$stm8s_adc1$935                   stm8s_adc1
     00008517  A$stm8s_adc1$936                   stm8s_adc1
     00008518  A$stm8s_adc1$937                   stm8s_adc1
     0000851A  A$stm8s_adc1$940                   stm8s_adc1
     0000851C  A$stm8s_adc1$941                   stm8s_adc1
ASxxxx Linker V03.00 + NoICE + sdld,  page 22.
Hexadecimal  [32-Bits]

Area                                    Addr        Size        Decimal Bytes (Attributes)
--------------------------------        ----        ----        ------- ----- ------------
CODE                                000080A0    0000119C =        4508. bytes (REL,CON)

      Value  Global                              Global Defined In Module
      -----  --------------------------------   ------------------------
     0000851E  A$stm8s_adc1$942                   stm8s_adc1
     00008520  A$stm8s_adc1$943                   stm8s_adc1
     00008522  A$stm8s_adc1$946                   stm8s_adc1
     00008523  A$stm8s_adc1$947                   stm8s_adc1
     00008525  A$stm8s_adc1$948                   stm8s_adc1
     00008527  A$stm8s_adc1$950                   stm8s_adc1
     0000852B  A$stm8s_adc1$951                   stm8s_adc1
     0000852D  A$stm8s_adc1$952                   stm8s_adc1
     0000852F  A$stm8s_adc1$953                   stm8s_adc1
     00008531  A$stm8s_adc1$954                   stm8s_adc1
     00008532  A$stm8s_adc1$955                   stm8s_adc1
     00008533  A$stm8s_adc1$956                   stm8s_adc1
     00008534  A$stm8s_adc1$957                   stm8s_adc1
     00008536  A$stm8s_adc1$959                   stm8s_adc1
     00008538  A$stm8s_adc1$960                   stm8s_adc1
     00008539  A$stm8s_adc1$961                   stm8s_adc1
     0000853B  A$stm8s_adc1$963                   stm8s_adc1
     0000853C  A$stm8s_adc1$964                   stm8s_adc1
     0000853D  A$stm8s_adc1$965                   stm8s_adc1
     0000853F  A$stm8s_adc1$966                   stm8s_adc1
     00008542  A$stm8s_adc1$967                   stm8s_adc1
     00008543  A$stm8s_adc1$968                   stm8s_adc1
     00008545  A$stm8s_adc1$971                   stm8s_adc1
     00008549  A$stm8s_adc1$972                   stm8s_adc1
     0000854B  A$stm8s_adc1$973                   stm8s_adc1
     0000854D  A$stm8s_adc1$974                   stm8s_adc1
     00008550  A$stm8s_adc1$975                   stm8s_adc1
     00008552  A$stm8s_adc1$976                   stm8s_adc1
     00008553  A$stm8s_adc1$977                   stm8s_adc1
     00008554  A$stm8s_adc1$978                   stm8s_adc1
     00008555  A$stm8s_adc1$979                   stm8s_adc1
     00008557  A$stm8s_adc1$981                   stm8s_adc1
     00008559  A$stm8s_adc1$982                   stm8s_adc1
     0000855A  A$stm8s_adc1$983                   stm8s_adc1
     0000855C  A$stm8s_adc1$985                   stm8s_adc1
     0000855D  A$stm8s_adc1$986                   stm8s_adc1
     0000855E  A$stm8s_adc1$987                   stm8s_adc1
     00008560  A$stm8s_adc1$988                   stm8s_adc1
     00008563  A$stm8s_adc1$989                   stm8s_adc1
     00008564  A$stm8s_adc1$990                   stm8s_adc1
     00008566  A$stm8s_adc1$993                   stm8s_adc1
     00008569  A$stm8s_adc1$994                   stm8s_adc1
     0000856A  A$stm8s_adc1$995                   stm8s_adc1
     0000856C  A$stm8s_adc1$996                   stm8s_adc1
     0000856E  A$stm8s_adc1$997                   stm8s_adc1
     0000856F  A$stm8s_adc1$998                   stm8s_adc1
     00008571  A$stm8s_adc1$999                   stm8s_adc1
     00008574  A$stm8s_adc1$1000                  stm8s_adc1
     00008575  A$stm8s_adc1$1002                  stm8s_adc1
     00008577  A$stm8s_adc1$1005                  stm8s_adc1
     00008577  C$stm8s_adc1.c$596$1$156           stm8s_adc1
ASxxxx Linker V03.00 + NoICE + sdld,  page 23.
Hexadecimal  [32-Bits]

Area                                    Addr        Size        Decimal Bytes (Attributes)
--------------------------------        ----        ----        ------- ----- ------------
CODE                                000080A0    0000119C =        4508. bytes (REL,CON)

      Value  Global                              Global Defined In Module
      -----  --------------------------------   ------------------------
     00008577  XG$ADC1_ClearFlag$0$0              stm8s_adc1
     00008578  A$stm8s_adc1$1011                  stm8s_adc1
     00008578  _ADC1_GetITStatus                  stm8s_adc1
     0000857A  A$stm8s_adc1$1013                  stm8s_adc1
     0000857C  A$stm8s_adc1$1014                  stm8s_adc1
     0000857E  A$stm8s_adc1$1015                  stm8s_adc1
     0000857F  A$stm8s_adc1$1016                  stm8s_adc1
     00008580  A$stm8s_adc1$1017                  stm8s_adc1
     00008581  A$stm8s_adc1$1018                  stm8s_adc1
     00008584  A$stm8s_adc1$1019                  stm8s_adc1
     00008586  A$stm8s_adc1$1021                  stm8s_adc1
     00008588  A$stm8s_adc1$1022                  stm8s_adc1
     0000858A  A$stm8s_adc1$1023                  stm8s_adc1
     0000858B  A$stm8s_adc1$1024                  stm8s_adc1
     0000858C  A$stm8s_adc1$1026                  stm8s_adc1
     0000858D  A$stm8s_adc1$1027                  stm8s_adc1
     0000858F  A$stm8s_adc1$1028                  stm8s_adc1
     00008591  A$stm8s_adc1$1030                  stm8s_adc1
     00008595  A$stm8s_adc1$1031                  stm8s_adc1
     00008597  A$stm8s_adc1$1032                  stm8s_adc1
     00008598  A$stm8s_adc1$1033                  stm8s_adc1
     0000859A  A$stm8s_adc1$1034                  stm8s_adc1
     0000859C  A$stm8s_adc1$1035                  stm8s_adc1
     0000859D  A$stm8s_adc1$1036                  stm8s_adc1
     0000859E  A$stm8s_adc1$1037                  stm8s_adc1
     000085A0  A$stm8s_adc1$1039                  stm8s_adc1
     000085A2  A$stm8s_adc1$1040                  stm8s_adc1
     000085A3  A$stm8s_adc1$1041                  stm8s_adc1
     000085A5  A$stm8s_adc1$1043                  stm8s_adc1
     000085A6  A$stm8s_adc1$1044                  stm8s_adc1
     000085A8  A$stm8s_adc1$1045                  stm8s_adc1
     000085AA  A$stm8s_adc1$1048                  stm8s_adc1
     000085AE  A$stm8s_adc1$1049                  stm8s_adc1
     000085B0  A$stm8s_adc1$1050                  stm8s_adc1
     000085B1  A$stm8s_adc1$1051                  stm8s_adc1
     000085B4  A$stm8s_adc1$1052                  stm8s_adc1
     000085B6  A$stm8s_adc1$1053                  stm8s_adc1
     000085B8  A$stm8s_adc1$1054                  stm8s_adc1
     000085B9  A$stm8s_adc1$1055                  stm8s_adc1
     000085BA  A$stm8s_adc1$1056                  stm8s_adc1
     000085BC  A$stm8s_adc1$1058                  stm8s_adc1
     000085BE  A$stm8s_adc1$1059                  stm8s_adc1
     000085BF  A$stm8s_adc1$1060                  stm8s_adc1
     000085C1  A$stm8s_adc1$1062                  stm8s_adc1
     000085C2  A$stm8s_adc1$1063                  stm8s_adc1
     000085C4  A$stm8s_adc1$1064                  stm8s_adc1
     000085C6  A$stm8s_adc1$1067                  stm8s_adc1
     000085C9  A$stm8s_adc1$1068                  stm8s_adc1
     000085CA  A$stm8s_adc1$1069                  stm8s_adc1
     000085CC  A$stm8s_adc1$1070                  stm8s_adc1
     000085CE  A$stm8s_adc1$1071                  stm8s_adc1
ASxxxx Linker V03.00 + NoICE + sdld,  page 24.
Hexadecimal  [32-Bits]

Area                                    Addr        Size        Decimal Bytes (Attributes)
--------------------------------        ----        ----        ------- ----- ------------
CODE                                000080A0    0000119C =        4508. bytes (REL,CON)

      Value  Global                              Global Defined In Module
      -----  --------------------------------   ------------------------
     000085D0  A$stm8s_adc1$1074                  stm8s_adc1
     000085D2  A$stm8s_adc1$1077                  stm8s_adc1
     000085D2  C$stm8s_adc1.c$642$1$163           stm8s_adc1
     000085D2  XG$ADC1_GetITStatus$0$0            stm8s_adc1
     000085D3  A$stm8s_adc1$1083                  stm8s_adc1
     000085D3  _ADC1_ClearITPendingBit            stm8s_adc1
     000085D5  A$stm8s_adc1$1085                  stm8s_adc1
     000085D7  A$stm8s_adc1$1086                  stm8s_adc1
     000085D9  A$stm8s_adc1$1087                  stm8s_adc1
     000085DA  A$stm8s_adc1$1088                  stm8s_adc1
     000085DB  A$stm8s_adc1$1089                  stm8s_adc1
     000085DC  A$stm8s_adc1$1090                  stm8s_adc1
     000085DF  A$stm8s_adc1$1091                  stm8s_adc1
     000085E1  A$stm8s_adc1$1093                  stm8s_adc1
     000085E3  A$stm8s_adc1$1094                  stm8s_adc1
     000085E5  A$stm8s_adc1$1095                  stm8s_adc1
     000085E6  A$stm8s_adc1$1096                  stm8s_adc1
     000085E7  A$stm8s_adc1$1098                  stm8s_adc1
     000085E8  A$stm8s_adc1$1099                  stm8s_adc1
     000085EA  A$stm8s_adc1$1100                  stm8s_adc1
     000085EC  A$stm8s_adc1$1102                  stm8s_adc1
     000085F0  A$stm8s_adc1$1103                  stm8s_adc1
     000085F2  A$stm8s_adc1$1104                  stm8s_adc1
     000085F4  A$stm8s_adc1$1105                  stm8s_adc1
     000085F6  A$stm8s_adc1$1106                  stm8s_adc1
     000085F7  A$stm8s_adc1$1107                  stm8s_adc1
     000085F8  A$stm8s_adc1$1108                  stm8s_adc1
     000085F9  A$stm8s_adc1$1109                  stm8s_adc1
     000085FB  A$stm8s_adc1$1111                  stm8s_adc1
     000085FD  A$stm8s_adc1$1112                  stm8s_adc1
     000085FE  A$stm8s_adc1$1113                  stm8s_adc1
     00008600  A$stm8s_adc1$1115                  stm8s_adc1
     00008601  A$stm8s_adc1$1116                  stm8s_adc1
     00008602  A$stm8s_adc1$1117                  stm8s_adc1
     00008604  A$stm8s_adc1$1118                  stm8s_adc1
     00008607  A$stm8s_adc1$1119                  stm8s_adc1
     00008608  A$stm8s_adc1$1120                  stm8s_adc1
     0000860A  A$stm8s_adc1$1123                  stm8s_adc1
     0000860E  A$stm8s_adc1$1124                  stm8s_adc1
     00008610  A$stm8s_adc1$1125                  stm8s_adc1
     00008612  A$stm8s_adc1$1126                  stm8s_adc1
     00008615  A$stm8s_adc1$1127                  stm8s_adc1
     00008617  A$stm8s_adc1$1128                  stm8s_adc1
     00008618  A$stm8s_adc1$1129                  stm8s_adc1
     00008619  A$stm8s_adc1$1130                  stm8s_adc1
     0000861A  A$stm8s_adc1$1131                  stm8s_adc1
     0000861C  A$stm8s_adc1$1133                  stm8s_adc1
     0000861E  A$stm8s_adc1$1134                  stm8s_adc1
     0000861F  A$stm8s_adc1$1135                  stm8s_adc1
     00008621  A$stm8s_adc1$1137                  stm8s_adc1
     00008622  A$stm8s_adc1$1138                  stm8s_adc1
ASxxxx Linker V03.00 + NoICE + sdld,  page 25.
Hexadecimal  [32-Bits]

Area                                    Addr        Size        Decimal Bytes (Attributes)
--------------------------------        ----        ----        ------- ----- ------------
CODE                                000080A0    0000119C =        4508. bytes (REL,CON)

      Value  Global                              Global Defined In Module
      -----  --------------------------------   ------------------------
     00008623  A$stm8s_adc1$1139                  stm8s_adc1
     00008625  A$stm8s_adc1$1140                  stm8s_adc1
     00008628  A$stm8s_adc1$1141                  stm8s_adc1
     00008629  A$stm8s_adc1$1142                  stm8s_adc1
     0000862B  A$stm8s_adc1$1145                  stm8s_adc1
     0000862E  A$stm8s_adc1$1146                  stm8s_adc1
     0000862F  A$stm8s_adc1$1147                  stm8s_adc1
     00008631  A$stm8s_adc1$1148                  stm8s_adc1
     00008632  A$stm8s_adc1$1149                  stm8s_adc1
     00008633  A$stm8s_adc1$1150                  stm8s_adc1
     00008635  A$stm8s_adc1$1151                  stm8s_adc1
     00008636  A$stm8s_adc1$1152                  stm8s_adc1
     00008639  A$stm8s_adc1$1153                  stm8s_adc1
     0000863A  A$stm8s_adc1$1155                  stm8s_adc1
     0000863C  A$stm8s_adc1$1158                  stm8s_adc1
     0000863C  C$stm8s_adc1.c$686$1$169           stm8s_adc1
     0000863C  XG$ADC1_ClearITPendingBit$0$0      stm8s_adc1
     0000863D  A$stm8s_clk$71                     stm8s_clk
     0000863D  _CLK_DeInit                        stm8s_clk
     00008640  A$stm8s_clk$72                     stm8s_clk
     00008642  A$stm8s_clk$73                     stm8s_clk
     00008643  A$stm8s_clk$75                     stm8s_clk
     00008646  A$stm8s_clk$76                     stm8s_clk
     00008647  A$stm8s_clk$78                     stm8s_clk
     0000864A  A$stm8s_clk$79                     stm8s_clk
     0000864C  A$stm8s_clk$80                     stm8s_clk
     0000864D  A$stm8s_clk$82                     stm8s_clk
     00008650  A$stm8s_clk$83                     stm8s_clk
     00008651  A$stm8s_clk$85                     stm8s_clk
     00008654  A$stm8s_clk$86                     stm8s_clk
     00008656  A$stm8s_clk$87                     stm8s_clk
     00008657  A$stm8s_clk$89                     stm8s_clk
     0000865A  A$stm8s_clk$90                     stm8s_clk
     0000865C  A$stm8s_clk$91                     stm8s_clk
     0000865D  A$stm8s_clk$93                     stm8s_clk
     00008660  A$stm8s_clk$94                     stm8s_clk
     00008662  A$stm8s_clk$95                     stm8s_clk
     00008663  A$stm8s_clk$97                     stm8s_clk
     00008666  A$stm8s_clk$98                     stm8s_clk
     00008667  A$stm8s_clk$100                    stm8s_clk
     0000866A  A$stm8s_clk$101                    stm8s_clk
     0000866B  A$stm8s_clk$104                    stm8s_clk
     0000866E  A$stm8s_clk$105                    stm8s_clk
     0000866F  A$stm8s_clk$106                    stm8s_clk
     00008670  A$stm8s_clk$107                    stm8s_clk
     00008672  A$stm8s_clk$109                    stm8s_clk
     00008675  A$stm8s_clk$110                    stm8s_clk
     00008676  A$stm8s_clk$112                    stm8s_clk
     00008679  A$stm8s_clk$113                    stm8s_clk
     0000867A  A$stm8s_clk$115                    stm8s_clk
     0000867D  A$stm8s_clk$116                    stm8s_clk
ASxxxx Linker V03.00 + NoICE + sdld,  page 26.
Hexadecimal  [32-Bits]

Area                                    Addr        Size        Decimal Bytes (Attributes)
--------------------------------        ----        ----        ------- ----- ------------
CODE                                000080A0    0000119C =        4508. bytes (REL,CON)

      Value  Global                              Global Defined In Module
      -----  --------------------------------   ------------------------
     0000867E  A$stm8s_clk$119                    stm8s_clk
     0000867E  C$stm8s_clk.c$88$1$61              stm8s_clk
     0000867E  XG$CLK_DeInit$0$0                  stm8s_clk
     0000867F  A$stm8s_clk$126                    stm8s_clk
     0000867F  _CLK_FastHaltWakeUpCmd             stm8s_clk
     00008681  A$stm8s_clk$127                    stm8s_clk
     00008683  A$stm8s_clk$129                    stm8s_clk
     00008686  A$stm8s_clk$130                    stm8s_clk
     00008687  A$stm8s_clk$131                    stm8s_clk
     00008689  A$stm8s_clk$132                    stm8s_clk
     0000868A  A$stm8s_clk$133                    stm8s_clk
     0000868C  A$stm8s_clk$136                    stm8s_clk
     0000868F  A$stm8s_clk$137                    stm8s_clk
     00008690  A$stm8s_clk$138                    stm8s_clk
     00008692  A$stm8s_clk$139                    stm8s_clk
     00008693  A$stm8s_clk$143                    stm8s_clk
     00008693  C$stm8s_clk.c$114$1$64             stm8s_clk
     00008693  XG$CLK_FastHaltWakeUpCmd$0$0       stm8s_clk
     00008694  A$stm8s_clk$150                    stm8s_clk
     00008694  _CLK_HSECmd                        stm8s_clk
     00008696  A$stm8s_clk$151                    stm8s_clk
     00008698  A$stm8s_clk$153                    stm8s_clk
     0000869B  A$stm8s_clk$154                    stm8s_clk
     0000869C  A$stm8s_clk$155                    stm8s_clk
     0000869E  A$stm8s_clk$156                    stm8s_clk
     0000869F  A$stm8s_clk$157                    stm8s_clk
     000086A1  A$stm8s_clk$160                    stm8s_clk
     000086A4  A$stm8s_clk$161                    stm8s_clk
     000086A5  A$stm8s_clk$162                    stm8s_clk
     000086A7  A$stm8s_clk$163                    stm8s_clk
     000086A8  A$stm8s_clk$167                    stm8s_clk
     000086A8  C$stm8s_clk.c$136$1$68             stm8s_clk
     000086A8  XG$CLK_HSECmd$0$0                  stm8s_clk
     000086A9  A$stm8s_clk$174                    stm8s_clk
     000086A9  _CLK_HSICmd                        stm8s_clk
     000086AB  A$stm8s_clk$175                    stm8s_clk
     000086AD  A$stm8s_clk$177                    stm8s_clk
     000086B0  A$stm8s_clk$178                    stm8s_clk
     000086B1  A$stm8s_clk$179                    stm8s_clk
     000086B3  A$stm8s_clk$180                    stm8s_clk
     000086B4  A$stm8s_clk$181                    stm8s_clk
     000086B6  A$stm8s_clk$184                    stm8s_clk
     000086B9  A$stm8s_clk$185                    stm8s_clk
     000086BA  A$stm8s_clk$186                    stm8s_clk
     000086BC  A$stm8s_clk$187                    stm8s_clk
     000086BD  A$stm8s_clk$191                    stm8s_clk
     000086BD  C$stm8s_clk.c$158$1$72             stm8s_clk
     000086BD  XG$CLK_HSICmd$0$0                  stm8s_clk
     000086BE  A$stm8s_clk$198                    stm8s_clk
     000086BE  _CLK_LSICmd                        stm8s_clk
     000086C0  A$stm8s_clk$199                    stm8s_clk
ASxxxx Linker V03.00 + NoICE + sdld,  page 27.
Hexadecimal  [32-Bits]

Area                                    Addr        Size        Decimal Bytes (Attributes)
--------------------------------        ----        ----        ------- ----- ------------
CODE                                000080A0    0000119C =        4508. bytes (REL,CON)

      Value  Global                              Global Defined In Module
      -----  --------------------------------   ------------------------
     000086C2  A$stm8s_clk$201                    stm8s_clk
     000086C5  A$stm8s_clk$202                    stm8s_clk
     000086C6  A$stm8s_clk$203                    stm8s_clk
     000086C8  A$stm8s_clk$204                    stm8s_clk
     000086C9  A$stm8s_clk$205                    stm8s_clk
     000086CB  A$stm8s_clk$208                    stm8s_clk
     000086CE  A$stm8s_clk$209                    stm8s_clk
     000086CF  A$stm8s_clk$210                    stm8s_clk
     000086D1  A$stm8s_clk$211                    stm8s_clk
     000086D2  A$stm8s_clk$215                    stm8s_clk
     000086D2  C$stm8s_clk.c$181$1$76             stm8s_clk
     000086D2  XG$CLK_LSICmd$0$0                  stm8s_clk
     000086D3  A$stm8s_clk$222                    stm8s_clk
     000086D3  _CLK_CCOCmd                        stm8s_clk
     000086D5  A$stm8s_clk$223                    stm8s_clk
     000086D7  A$stm8s_clk$225                    stm8s_clk
     000086DA  A$stm8s_clk$226                    stm8s_clk
     000086DB  A$stm8s_clk$227                    stm8s_clk
     000086DD  A$stm8s_clk$228                    stm8s_clk
     000086DE  A$stm8s_clk$229                    stm8s_clk
     000086E0  A$stm8s_clk$232                    stm8s_clk
     000086E3  A$stm8s_clk$233                    stm8s_clk
     000086E4  A$stm8s_clk$234                    stm8s_clk
     000086E6  A$stm8s_clk$235                    stm8s_clk
     000086E7  A$stm8s_clk$239                    stm8s_clk
     000086E7  C$stm8s_clk.c$204$1$80             stm8s_clk
     000086E7  XG$CLK_CCOCmd$0$0                  stm8s_clk
     000086E8  A$stm8s_clk$246                    stm8s_clk
     000086E8  _CLK_ClockSwitchCmd                stm8s_clk
     000086EA  A$stm8s_clk$247                    stm8s_clk
     000086EC  A$stm8s_clk$249                    stm8s_clk
     000086EF  A$stm8s_clk$250                    stm8s_clk
     000086F0  A$stm8s_clk$251                    stm8s_clk
     000086F2  A$stm8s_clk$252                    stm8s_clk
     000086F3  A$stm8s_clk$253                    stm8s_clk
     000086F5  A$stm8s_clk$256                    stm8s_clk
     000086F8  A$stm8s_clk$257                    stm8s_clk
     000086F9  A$stm8s_clk$258                    stm8s_clk
     000086FB  A$stm8s_clk$259                    stm8s_clk
     000086FC  A$stm8s_clk$263                    stm8s_clk
     000086FC  C$stm8s_clk.c$228$1$84             stm8s_clk
     000086FC  XG$CLK_ClockSwitchCmd$0$0          stm8s_clk
     000086FD  A$stm8s_clk$270                    stm8s_clk
     000086FD  _CLK_SlowActiveHaltWakeUpCmd       stm8s_clk
     000086FF  A$stm8s_clk$271                    stm8s_clk
     00008701  A$stm8s_clk$273                    stm8s_clk
     00008704  A$stm8s_clk$274                    stm8s_clk
     00008705  A$stm8s_clk$275                    stm8s_clk
     00008707  A$stm8s_clk$276                    stm8s_clk
     00008708  A$stm8s_clk$277                    stm8s_clk
     0000870A  A$stm8s_clk$280                    stm8s_clk
ASxxxx Linker V03.00 + NoICE + sdld,  page 28.
Hexadecimal  [32-Bits]

Area                                    Addr        Size        Decimal Bytes (Attributes)
--------------------------------        ----        ----        ------- ----- ------------
CODE                                000080A0    0000119C =        4508. bytes (REL,CON)

      Value  Global                              Global Defined In Module
      -----  --------------------------------   ------------------------
     0000870D  A$stm8s_clk$281                    stm8s_clk
[...]
     00008E49  A$stm8s_uart2$769                  stm8s_uart2
     00008E4B  A$stm8s_uart2$770                  stm8s_uart2
     00008E4C  A$stm8s_uart2$774                  stm8s_uart2
     00008E4C  C$stm8s_uart2.c$480$1$121          stm8s_uart2
     00008E4C  XG$UART2_ReceiverWakeUpCmd$0$0     stm8s_uart2
     00008E4D  A$stm8s_uart2$781                  stm8s_uart2
     00008E4D  _UART2_ReceiveData8                stm8s_uart2
     00008E50  A$stm8s_uart2$782                  stm8s_uart2
     00008E51  A$stm8s_uart2$785                  stm8s_uart2
     00008E51  C$stm8s_uart2.c$490$1$125          stm8s_uart2
     00008E51  XG$UART2_ReceiveData8$0$0          stm8s_uart2
     00008E52  A$stm8s_uart2$791                  stm8s_uart2
     00008E52  _UART2_ReceiveData9                stm8s_uart2
     00008E54  A$stm8s_uart2$793                  stm8s_uart2
     00008E57  A$stm8s_uart2$794                  stm8s_uart2
     00008E58  A$stm8s_uart2$795                  stm8s_uart2
     00008E5A  A$stm8s_uart2$796                  stm8s_uart2
     00008E5C  A$stm8s_uart2$797                  stm8s_uart2
     00008E5D  A$stm8s_uart2$798                  stm8s_uart2
     00008E5E  A$stm8s_uart2$799                  stm8s_uart2
     00008E5F  A$stm8s_uart2$800                  stm8s_uart2
     00008E60  A$stm8s_uart2$801                  stm8s_uart2
     00008E62  A$stm8s_uart2$803                  stm8s_uart2
     00008E65  A$stm8s_uart2$804                  stm8s_uart2
     00008E66  A$stm8s_uart2$805                  stm8s_uart2
     00008E67  A$stm8s_uart2$806                  stm8s_uart2
     00008E68  A$stm8s_uart2$807                  stm8s_uart2
     00008E6A  A$stm8s_uart2$808                  stm8s_uart2
     00008E6B  A$stm8s_uart2$809                  stm8s_uart2
     00008E6C  A$stm8s_uart2$810                  stm8s_uart2
     00008E6E  A$stm8s_uart2$811                  stm8s_uart2
     00008E70  A$stm8s_uart2$812                  stm8s_uart2
     00008E71  A$stm8s_uart2$813                  stm8s_uart2
     00008E73  A$stm8s_uart2$816                  stm8s_uart2
ASxxxx Linker V03.00 + NoICE + sdld,  page 51.
Hexadecimal  [32-Bits]

Area                                    Addr        Size        Decimal Bytes (Attributes)
--------------------------------        ----        ----        ------- ----- ------------
CODE                                000080A0    0000119C =        4508. bytes (REL,CON)

      Value  Global                              Global Defined In Module
      -----  --------------------------------   ------------------------
     00008E73  C$stm8s_uart2.c$504$1$127          stm8s_uart2
     00008E73  XG$UART2_ReceiveData9$0$0          stm8s_uart2
     00008E74  A$stm8s_uart2$823                  stm8s_uart2
     00008E74  _UART2_SendData8                   stm8s_uart2
     00008E77  A$stm8s_uart2$824                  stm8s_uart2
     00008E79  A$stm8s_uart2$825                  stm8s_uart2
     00008E7A  A$stm8s_uart2$828                  stm8s_uart2
     00008E7A  C$stm8s_uart2.c$515$1$129          stm8s_uart2
     00008E7A  XG$UART2_SendData8$0$0             stm8s_uart2
     00008E7B  A$stm8s_uart2$834                  stm8s_uart2
     00008E7B  _UART2_SendData9                   stm8s_uart2
     00008E7C  A$stm8s_uart2$836                  stm8s_uart2
     00008E7F  A$stm8s_uart2$837                  stm8s_uart2
     00008E80  A$stm8s_uart2$838                  stm8s_uart2
     00008E82  A$stm8s_uart2$839                  stm8s_uart2
     00008E83  A$stm8s_uart2$841                  stm8s_uart2
     00008E86  A$stm8s_uart2$842                  stm8s_uart2
     00008E87  A$stm8s_uart2$843                  stm8s_uart2
     00008E89  A$stm8s_uart2$844                  stm8s_uart2
     00008E8B  A$stm8s_uart2$845                  stm8s_uart2
     00008E8C  A$stm8s_uart2$846                  stm8s_uart2
     00008E8D  A$stm8s_uart2$847                  stm8s_uart2
     00008E8E  A$stm8s_uart2$848                  stm8s_uart2
     00008E90  A$stm8s_uart2$849                  stm8s_uart2
     00008E92  A$stm8s_uart2$850                  stm8s_uart2
     00008E95  A$stm8s_uart2$851                  stm8s_uart2
     00008E96  A$stm8s_uart2$853                  stm8s_uart2
     00008E98  A$stm8s_uart2$854                  stm8s_uart2
     00008E9B  A$stm8s_uart2$855                  stm8s_uart2
     00008E9C  A$stm8s_uart2$856                  stm8s_uart2
     00008E9D  A$stm8s_uart2$859                  stm8s_uart2
     00008E9D  C$stm8s_uart2.c$532$1$131          stm8s_uart2
     00008E9D  XG$UART2_SendData9$0$0             stm8s_uart2
     00008E9E  A$stm8s_uart2$866                  stm8s_uart2
     00008E9E  _UART2_SendBreak                   stm8s_uart2
     00008EA1  A$stm8s_uart2$867                  stm8s_uart2
     00008EA2  A$stm8s_uart2$868                  stm8s_uart2
     00008EA4  A$stm8s_uart2$869                  stm8s_uart2
     00008EA5  A$stm8s_uart2$872                  stm8s_uart2
     00008EA5  C$stm8s_uart2.c$542$1$133          stm8s_uart2
     00008EA5  XG$UART2_SendBreak$0$0             stm8s_uart2
     00008EA6  A$stm8s_uart2$879                  stm8s_uart2
     00008EA6  _UART2_SetAddress                  stm8s_uart2
     00008EA9  A$stm8s_uart2$880                  stm8s_uart2
     00008EAA  A$stm8s_uart2$881                  stm8s_uart2
     00008EAC  A$stm8s_uart2$882                  stm8s_uart2
     00008EAD  A$stm8s_uart2$884                  stm8s_uart2
     00008EB0  A$stm8s_uart2$885                  stm8s_uart2
     00008EB1  A$stm8s_uart2$886                  stm8s_uart2
     00008EB3  A$stm8s_uart2$887                  stm8s_uart2
     00008EB6  A$stm8s_uart2$888                  stm8s_uart2
ASxxxx Linker V03.00 + NoICE + sdld,  page 52.
Hexadecimal  [32-Bits]

Area                                    Addr        Size        Decimal Bytes (Attributes)
--------------------------------        ----        ----        ------- ----- ------------
CODE                                000080A0    0000119C =        4508. bytes (REL,CON)

      Value  Global                              Global Defined In Module
      -----  --------------------------------   ------------------------
     00008EB7  A$stm8s_uart2$891                  stm8s_uart2
     00008EB7  C$stm8s_uart2.c$558$1$135          stm8s_uart2
     00008EB7  XG$UART2_SetAddress$0$0            stm8s_uart2
     00008EB8  A$stm8s_uart2$898                  stm8s_uart2
     00008EB8  _UART2_SetGuardTime                stm8s_uart2
     00008EBB  A$stm8s_uart2$899                  stm8s_uart2
     00008EBD  A$stm8s_uart2$900                  stm8s_uart2
     00008EBE  A$stm8s_uart2$903                  stm8s_uart2
     00008EBE  C$stm8s_uart2.c$570$1$137          stm8s_uart2
     00008EBE  XG$UART2_SetGuardTime$0$0          stm8s_uart2
     00008EBF  A$stm8s_uart2$910                  stm8s_uart2
     00008EBF  _UART2_SetPrescaler                stm8s_uart2
     00008EC2  A$stm8s_uart2$911                  stm8s_uart2
     00008EC4  A$stm8s_uart2$912                  stm8s_uart2
     00008EC5  A$stm8s_uart2$915                  stm8s_uart2
     00008EC5  C$stm8s_uart2.c$598$1$139          stm8s_uart2
     00008EC5  XG$UART2_SetPrescaler$0$0          stm8s_uart2
     00008EC6  A$stm8s_uart2$921                  stm8s_uart2
     00008EC6  _UART2_GetFlagStatus               stm8s_uart2
     00008EC7  A$stm8s_uart2$923                  stm8s_uart2
     00008EC9  A$stm8s_uart2$924                  stm8s_uart2
     00008ECB  A$stm8s_uart2$926                  stm8s_uart2
     00008ECD  A$stm8s_uart2$927                  stm8s_uart2
     00008ED0  A$stm8s_uart2$928                  stm8s_uart2
     00008ED2  A$stm8s_uart2$930                  stm8s_uart2
     00008ED5  A$stm8s_uart2$931                  stm8s_uart2
     00008ED6  A$stm8s_uart2$932                  stm8s_uart2
     00008ED8  A$stm8s_uart2$933                  stm8s_uart2
     00008ED9  A$stm8s_uart2$934                  stm8s_uart2
     00008EDB  A$stm8s_uart2$936                  stm8s_uart2
     00008EDD  A$stm8s_uart2$937                  stm8s_uart2
     00008EDF  A$stm8s_uart2$940                  stm8s_uart2
     00008EE0  A$stm8s_uart2$941                  stm8s_uart2
     00008EE2  A$stm8s_uart2$944                  stm8s_uart2
     00008EE4  A$stm8s_uart2$945                  stm8s_uart2
     00008EE7  A$stm8s_uart2$946                  stm8s_uart2
     00008EE9  A$stm8s_uart2$948                  stm8s_uart2
     00008EEC  A$stm8s_uart2$949                  stm8s_uart2
     00008EED  A$stm8s_uart2$950                  stm8s_uart2
     00008EEF  A$stm8s_uart2$951                  stm8s_uart2
     00008EF0  A$stm8s_uart2$952                  stm8s_uart2
     00008EF2  A$stm8s_uart2$954                  stm8s_uart2
     00008EF4  A$stm8s_uart2$955                  stm8s_uart2
     00008EF6  A$stm8s_uart2$958                  stm8s_uart2
     00008EF7  A$stm8s_uart2$959                  stm8s_uart2
     00008EF9  A$stm8s_uart2$962                  stm8s_uart2
     00008EFB  A$stm8s_uart2$963                  stm8s_uart2
     00008EFE  A$stm8s_uart2$964                  stm8s_uart2
     00008F00  A$stm8s_uart2$965                  stm8s_uart2
     00008F02  A$stm8s_uart2$966                  stm8s_uart2
     00008F05  A$stm8s_uart2$967                  stm8s_uart2
ASxxxx Linker V03.00 + NoICE + sdld,  page 53.
Hexadecimal  [32-Bits]

Area                                    Addr        Size        Decimal Bytes (Attributes)
--------------------------------        ----        ----        ------- ----- ------------
CODE                                000080A0    0000119C =        4508. bytes (REL,CON)

      Value  Global                              Global Defined In Module
      -----  --------------------------------   ------------------------
     00008F07  A$stm8s_uart2$970                  stm8s_uart2
     00008F0A  A$stm8s_uart2$971                  stm8s_uart2
     00008F0B  A$stm8s_uart2$972                  stm8s_uart2
     00008F0D  A$stm8s_uart2$973                  stm8s_uart2
     00008F0E  A$stm8s_uart2$974                  stm8s_uart2
     00008F10  A$stm8s_uart2$976                  stm8s_uart2
     00008F12  A$stm8s_uart2$977                  stm8s_uart2
     00008F14  A$stm8s_uart2$980                  stm8s_uart2
     00008F15  A$stm8s_uart2$981                  stm8s_uart2
     00008F17  A$stm8s_uart2$984                  stm8s_uart2
     00008F1A  A$stm8s_uart2$985                  stm8s_uart2
     00008F1B  A$stm8s_uart2$986                  stm8s_uart2
     00008F1D  A$stm8s_uart2$987                  stm8s_uart2
     00008F1E  A$stm8s_uart2$988                  stm8s_uart2
     00008F20  A$stm8s_uart2$990                  stm8s_uart2
     00008F22  A$stm8s_uart2$991                  stm8s_uart2
     00008F24  A$stm8s_uart2$994                  stm8s_uart2
     00008F25  A$stm8s_uart2$997                  stm8s_uart2
     00008F27  A$stm8s_uart2$1000                 stm8s_uart2
     00008F27  C$stm8s_uart2.c$669$1$141          stm8s_uart2
     00008F27  XG$UART2_GetFlagStatus$0$0         stm8s_uart2
     00008F28  A$stm8s_uart2$1007                 stm8s_uart2
     00008F28  _UART2_ClearFlag                   stm8s_uart2
     00008F2A  A$stm8s_uart2$1008                 stm8s_uart2
     00008F2D  A$stm8s_uart2$1009                 stm8s_uart2
     00008F2F  A$stm8s_uart2$1011                 stm8s_uart2
     00008F32  A$stm8s_uart2$1012                 stm8s_uart2
     00008F34  A$stm8s_uart2$1013                 stm8s_uart2
     00008F35  A$stm8s_uart2$1014                 stm8s_uart2
     00008F37  A$stm8s_uart2$1017                 stm8s_uart2
     00008F39  A$stm8s_uart2$1018                 stm8s_uart2
     00008F3C  A$stm8s_uart2$1019                 stm8s_uart2
     00008F3E  A$stm8s_uart2$1021                 stm8s_uart2
     00008F41  A$stm8s_uart2$1022                 stm8s_uart2
     00008F42  A$stm8s_uart2$1023                 stm8s_uart2
     00008F44  A$stm8s_uart2$1024                 stm8s_uart2
     00008F45  A$stm8s_uart2$1025                 stm8s_uart2
     00008F47  A$stm8s_uart2$1028                 stm8s_uart2
     00008F49  A$stm8s_uart2$1029                 stm8s_uart2
     00008F4C  A$stm8s_uart2$1030                 stm8s_uart2
     00008F4E  A$stm8s_uart2$1032                 stm8s_uart2
     00008F51  A$stm8s_uart2$1033                 stm8s_uart2
     00008F52  A$stm8s_uart2$1034                 stm8s_uart2
     00008F54  A$stm8s_uart2$1035                 stm8s_uart2
     00008F55  A$stm8s_uart2$1036                 stm8s_uart2
     00008F57  A$stm8s_uart2$1039                 stm8s_uart2
     00008F5A  A$stm8s_uart2$1040                 stm8s_uart2
     00008F5B  A$stm8s_uart2$1041                 stm8s_uart2
     00008F5D  A$stm8s_uart2$1042                 stm8s_uart2
     00008F5E  A$stm8s_uart2$1046                 stm8s_uart2
     00008F5E  C$stm8s_uart2.c$723$1$155          stm8s_uart2
ASxxxx Linker V03.00 + NoICE + sdld,  page 54.
Hexadecimal  [32-Bits]

Area                                    Addr        Size        Decimal Bytes (Attributes)
--------------------------------        ----        ----        ------- ----- ------------
CODE                                000080A0    0000119C =        4508. bytes (REL,CON)

      Value  Global                              Global Defined In Module
      -----  --------------------------------   ------------------------
     00008F5E  XG$UART2_ClearFlag$0$0             stm8s_uart2
     00008F5F  A$stm8s_uart2$1052                 stm8s_uart2
     00008F5F  _UART2_GetITStatus                 stm8s_uart2
     00008F61  A$stm8s_uart2$1054                 stm8s_uart2
     00008F63  A$stm8s_uart2$1055                 stm8s_uart2
     00008F64  A$stm8s_uart2$1056                 stm8s_uart2
     00008F66  A$stm8s_uart2$1057                 stm8s_uart2
     00008F67  A$stm8s_uart2$1058                 stm8s_uart2
     00008F69  A$stm8s_uart2$1059                 stm8s_uart2
     00008F6B  A$stm8s_uart2$1060                 stm8s_uart2
     00008F6C  A$stm8s_uart2$1061                 stm8s_uart2
     00008F6D  A$stm8s_uart2$1062                 stm8s_uart2
     00008F6F  A$stm8s_uart2$1064                 stm8s_uart2
     00008F71  A$stm8s_uart2$1065                 stm8s_uart2
     00008F72  A$stm8s_uart2$1066                 stm8s_uart2
     00008F74  A$stm8s_uart2$1069                 stm8s_uart2
     00008F75  A$stm8s_uart2$1070                 stm8s_uart2
     00008F76  A$stm8s_uart2$1071                 stm8s_uart2
     00008F78  A$stm8s_uart2$1072                 stm8s_uart2
     00008F79  A$stm8s_uart2$1074                 stm8s_uart2
     00008F7B  A$stm8s_uart2$1075                 stm8s_uart2
     00008F7D  A$stm8s_uart2$1076                 stm8s_uart2
     00008F7E  A$stm8s_uart2$1077                 stm8s_uart2
     00008F7F  A$stm8s_uart2$1078                 stm8s_uart2
     00008F81  A$stm8s_uart2$1080                 stm8s_uart2
     00008F83  A$stm8s_uart2$1081                 stm8s_uart2
     00008F84  A$stm8s_uart2$1082                 stm8s_uart2
     00008F86  A$stm8s_uart2$1085                 stm8s_uart2
     00008F88  A$stm8s_uart2$1086                 stm8s_uart2
     00008F8B  A$stm8s_uart2$1087                 stm8s_uart2
     00008F8D  A$stm8s_uart2$1089                 stm8s_uart2
     00008F90  A$stm8s_uart2$1090                 stm8s_uart2
     00008F91  A$stm8s_uart2$1091                 stm8s_uart2
     00008F93  A$stm8s_uart2$1092                 stm8s_uart2
     00008F95  A$stm8s_uart2$1094                 stm8s_uart2
     00008F98  A$stm8s_uart2$1095                 stm8s_uart2
     00008F99  A$stm8s_uart2$1096                 stm8s_uart2
     00008F9B  A$stm8s_uart2$1097                 stm8s_uart2
     00008F9C  A$stm8s_uart2$1098                 stm8s_uart2
     00008F9E  A$stm8s_uart2$1099                 stm8s_uart2
     00008FA0  A$stm8s_uart2$1100                 stm8s_uart2
     00008FA2  A$stm8s_uart2$1102                 stm8s_uart2
     00008FA4  A$stm8s_uart2$1103                 stm8s_uart2
     00008FA7  A$stm8s_uart2$1106                 stm8s_uart2
     00008FA8  A$stm8s_uart2$1107                 stm8s_uart2
     00008FAA  A$stm8s_uart2$1110                 stm8s_uart2
     00008FAC  A$stm8s_uart2$1111                 stm8s_uart2
     00008FAF  A$stm8s_uart2$1112                 stm8s_uart2
     00008FB1  A$stm8s_uart2$1114                 stm8s_uart2
     00008FB4  A$stm8s_uart2$1115                 stm8s_uart2
     00008FB5  A$stm8s_uart2$1116                 stm8s_uart2
ASxxxx Linker V03.00 + NoICE + sdld,  page 55.
Hexadecimal  [32-Bits]

Area                                    Addr        Size        Decimal Bytes (Attributes)
--------------------------------        ----        ----        ------- ----- ------------
CODE                                000080A0    0000119C =        4508. bytes (REL,CON)

      Value  Global                              Global Defined In Module
      -----  --------------------------------   ------------------------
     00008FB7  A$stm8s_uart2$1117                 stm8s_uart2
     00008FB9  A$stm8s_uart2$1119                 stm8s_uart2
     00008FBC  A$stm8s_uart2$1120                 stm8s_uart2
     00008FBD  A$stm8s_uart2$1121                 stm8s_uart2
     00008FBF  A$stm8s_uart2$1122                 stm8s_uart2
     00008FC0  A$stm8s_uart2$1123                 stm8s_uart2
     00008FC2  A$stm8s_uart2$1124                 stm8s_uart2
     00008FC4  A$stm8s_uart2$1125                 stm8s_uart2
     00008FC6  A$stm8s_uart2$1127                 stm8s_uart2
     00008FC8  A$stm8s_uart2$1128                 stm8s_uart2
     00008FCA  A$stm8s_uart2$1131                 stm8s_uart2
     00008FCB  A$stm8s_uart2$1132                 stm8s_uart2
     00008FCD  A$stm8s_uart2$1135                 stm8s_uart2
     00008FCF  A$stm8s_uart2$1136                 stm8s_uart2
     00008FD2  A$stm8s_uart2$1137                 stm8s_uart2
     00008FD4  A$stm8s_uart2$1139                 stm8s_uart2
     00008FD7  A$stm8s_uart2$1140                 stm8s_uart2
     00008FD8  A$stm8s_uart2$1141                 stm8s_uart2
     00008FDA  A$stm8s_uart2$1142                 stm8s_uart2
     00008FDC  A$stm8s_uart2$1144                 stm8s_uart2
     00008FDF  A$stm8s_uart2$1145                 stm8s_uart2
     00008FE0  A$stm8s_uart2$1146                 stm8s_uart2
     00008FE2  A$stm8s_uart2$1147                 stm8s_uart2
     00008FE3  A$stm8s_uart2$1148                 stm8s_uart2
     00008FE5  A$stm8s_uart2$1149                 stm8s_uart2
     00008FE7  A$stm8s_uart2$1150                 stm8s_uart2
     00008FE9  A$stm8s_uart2$1152                 stm8s_uart2
     00008FEB  A$stm8s_uart2$1153                 stm8s_uart2
     00008FED  A$stm8s_uart2$1156                 stm8s_uart2
     00008FEE  A$stm8s_uart2$1157                 stm8s_uart2
     00008FF0  A$stm8s_uart2$1160                 stm8s_uart2
     00008FF3  A$stm8s_uart2$1161                 stm8s_uart2
     00008FF4  A$stm8s_uart2$1162                 stm8s_uart2
     00008FF6  A$stm8s_uart2$1163                 stm8s_uart2
     00008FF8  A$stm8s_uart2$1165                 stm8s_uart2
     00008FFB  A$stm8s_uart2$1166                 stm8s_uart2
     00008FFC  A$stm8s_uart2$1167                 stm8s_uart2
     00008FFE  A$stm8s_uart2$1168                 stm8s_uart2
     00008FFF  A$stm8s_uart2$1169                 stm8s_uart2
     00009001  A$stm8s_uart2$1170                 stm8s_uart2
     00009003  A$stm8s_uart2$1171                 stm8s_uart2
     00009005  A$stm8s_uart2$1173                 stm8s_uart2
     00009007  A$stm8s_uart2$1174                 stm8s_uart2
     00009009  A$stm8s_uart2$1177                 stm8s_uart2
     0000900A  A$stm8s_uart2$1180                 stm8