ASxxxx Linker V03.00 + NoICE + sdld,  page 1.
Hexadecimal  [32-Bits]

Area                                    Addr        Size        Decimal Bytes (Attributes)
--------------------------------        ----        ----        ------- ----- ------------
CABS                                00000000    00000000 =           0. bytes (ABS,CON)

      Value  Global                              Global Defined In Module
      -----  --------------------------------   ------------------------
     00000000  l_BIT_BANK                      
     00000000  l_BSEG                          
     00000000  l_BSEG_BYTES                    
     00000000  l_CABS                          
     00000000  l_DABS                          
     00000000  l_DATA                          
     00000000  l_INITIALIZED                   
     00000000  l_INITIALIZER                   
     00000000  l_ISEG                          
     00000000  l_OSEG                          
     00000000  l_REG_BANK_0                    
     00000000  l_REG_BANK_1                    
     00000000  l_REG_BANK_2                    
     00000000  l_REG_BANK_3                    
     00000000  l__CODE                         
     00000000  s_BSEG                          
     00000000  s_CABS                          
     00000000  s_DABS                          
     00000000  s_DSEG                          
     00000000  s_REG_BANK_0                    
     00000000  s_SSEG                          
     00000001  s_DATA                          
     00000001  s_INITIALIZED                   
     00000003  l_GSFINAL                       
     00000008  s_REG_BANK_1                    
     00000010  s_REG_BANK_2                    
     00000018  s_BIT_BANK                      
     00000018  s_ISEG                          
     00000018  s_OSEG                          
     00000018  s_REG_BANK_3                    
     0000001A  l_GSINIT                        
     00000020  s_BSEG_BYTES                    
     00000020  s__CODE                         
     00000080  l_DSEG                          
     00000083  l_HOME                          
     00000100  l_IRAM                          
     00000100  l_SSEG                          
     000006D0  l_CODE                          
     00008000  s_HOME                          
     00008083  s_GSINIT                        
     0000809D  s_GSFINAL                       
     000080A0  s_CODE                          
     00008770  s_INITIALIZER                   

ASxxxx Linker V03.00 + NoICE + sdld,  page 2.
Hexadecimal  [32-Bits]

Area                                    Addr        Size        Decimal Bytes (Attributes)
--------------------------------        ----        ----        ------- ----- ------------
.  .ABS.                            00000000    00000000 =           0. bytes (ABS,CON)

      Value  Global                              Global Defined In Module
      -----  --------------------------------   ------------------------
     00000000  .__.ABS.                           _divulong

ASxxxx Linker V03.00 + NoICE + sdld,  page 3.
Hexadecimal  [32-Bits]

Area                                    Addr        Size        Decimal Bytes (Attributes)
--------------------------------        ----        ----        ------- ----- ------------
DSEG                                00000000    00000080 =         128. bytes (REL,CON)

      Value  Global                              Global Defined In Module
      -----  --------------------------------   ------------------------
ASxxxx Linker V03.00 + NoICE + sdld,  page 4.
Hexadecimal  [32-Bits]

Area                                    Addr        Size        Decimal Bytes (Attributes)
--------------------------------        ----        ----        ------- ----- ------------
SSEG                                00000000    00000100 =         256. bytes (REL,OVR)

      Value  Global                              Global Defined In Module
      -----  --------------------------------   ------------------------
ASxxxx Linker V03.00 + NoICE + sdld,  page 5.
Hexadecimal  [32-Bits]

Area                                    Addr        Size        Decimal Bytes (Attributes)
--------------------------------        ----        ----        ------- ----- ------------
HOME                                00008000    00000083 =         131. bytes (REL,CON)

      Value  Global                              Global Defined In Module
      -----  --------------------------------   ------------------------
ASxxxx Linker V03.00 + NoICE + sdld,  page 6.
Hexadecimal  [32-Bits]

Area                                    Addr        Size        Decimal Bytes (Attributes)
--------------------------------        ----        ----        ------- ----- ------------
GSINIT                              00008083    0000001A =          26. bytes (REL,CON)

      Value  Global                              Global Defined In Module
      -----  --------------------------------   ------------------------
ASxxxx Linker V03.00 + NoICE + sdld,  page 7.
Hexadecimal  [32-Bits]

Area                                    Addr        Size        Decimal Bytes (Attributes)
--------------------------------        ----        ----        ------- ----- ------------
GSFINAL                             0000809D    00000003 =           3. bytes (REL,CON)

      Value  Global                              Global Defined In Module
      -----  --------------------------------   ------------------------
ASxxxx Linker V03.00 + NoICE + sdld,  page 8.
Hexadecimal  [32-Bits]

Area                                    Addr        Size        Decimal Bytes (Attributes)
--------------------------------        ----        ----        ------- ----- ------------
CODE                                000080A0    000006D0 =        1744. bytes (REL,CON)

      Value  Global                              Global Defined In Module
      -----  --------------------------------   ------------------------
     000080A0  _main                              main
     000080A7  _AWU_Config                        stdafx
     000080B9  _LSIMeasurment                     stdafx
     000080EC  _AWU_DeInit                        stm8s_awu
     000080FB  _AWU_Init                          stm8s_awu
     00008145  _AWU_Cmd                           stm8s_awu
     0000815A  _AWU_LSICalibrationConfig          stm8s_awu
     000081A2  _AWU_IdleModeEnable                stm8s_awu
     000081B0  _AWU_GetFlagStatus                 stm8s_awu
     000081C3  _APR_Array                         stm8s_awu
     000081D4  _TBR_Array                         stm8s_awu
     000081E5  _CLK_DeInit                        stm8s_clk
     00008227  _CLK_FastHaltWakeUpCmd             stm8s_clk
     0000823C  _CLK_HSECmd                        stm8s_clk
     0000824E  _CLK_HSICmd                        stm8s_clk
     00008260  _CLK_LSICmd                        stm8s_clk
     00008275  _CLK_CCOCmd                        stm8s_clk
     00008287  _CLK_ClockSwitchCmd                stm8s_clk
     0000829C  _CLK_SlowActiveHaltWakeUpCmd       stm8s_clk
     000082B1  _CLK_PeripheralClockConfig         stm8s_clk
     00008309  _CLK_ClockSwitchConfig             stm8s_clk
     000083D3  _CLK_HSIPrescalerConfig            stm8s_clk
     000083E5  _CLK_CCOConfig                     stm8s_clk
     000083FB  _CLK_ITConfig                      stm8s_clk
     0000844B  _CLK_SYSCLKConfig                  stm8s_clk
     00008485  _CLK_SWIMConfig                    stm8s_clk
     00008497  _CLK_ClockSecuritySystemEnable     stm8s_clk
     0000849C  _CLK_GetSYSCLKSource               stm8s_clk
     000084A1  _CLK_GetClockFreq                  stm8s_clk
     000084F9  _CLK_AdjustHSICalibrationValue     stm8s_clk
     00008506  _CLK_SYSCLKEmergencyClear          stm8s_clk
     0000850B  _CLK_GetFlagStatus                 stm8s_clk
     00008551  _CLK_GetITStatus                   stm8s_clk
     00008578  _CLK_ClearITPendingBit             stm8s_clk
     0000858F  _HSIDivFactor                      stm8s_clk
     00008593  _CLKPrescTable                     stm8s_clk
     0000859B  _GPIO_DeInit                       stm8s_gpio
     000085AE  _GPIO_Init                         stm8s_gpio
     0000862E  _GPIO_Write                        stm8s_gpio
     00008634  _GPIO_WriteHigh                    stm8s_gpio
     0000863B  _GPIO_WriteLow                     stm8s_gpio
     00008649  _GPIO_WriteReverse                 stm8s_gpio
     00008650  _GPIO_ReadOutputData               stm8s_gpio
     00008654  _GPIO_ReadInputData                stm8s_gpio
     00008659  _GPIO_ReadInputPin                 stm8s_gpio
     00008660  _GPIO_ExternalPullUpConfig         stm8s_gpio
     0000867B  __mulint                           _mulint
     000086D1  __divulong                         _divulong
ASxxxx Linker V03.00 + NoICE + sdld,  page 9.

Files Linked                              [ module(s) ]

obj\Debug\main.rel                        [  ]
obj\Debug\src\stdafx.rel                  [  ]
obj\Debug\src\stm8s_awu.rel               [  ]
obj\Debug\src\stm8s_clk.rel               [  ]
obj\Debug\src\stm8s_gpio.rel              [  ]


Libraries Linked                          [ object file ]

C:\Program Files\SDCC\lib\stm8\stm8.lib   [ _mulint.rel ]
C:\Program Files\SDCC\lib\stm8\stm8.lib   [ _divulong.rel ]

ASxxxx Linker V03.00 + NoICE + sdld,  page 10.

User Base Address Definitions

HOME = 0x8000
DATA = 0x0001

